2025-06-04 20:15:31 [INFO] BEGIN (implicit)
2025-06-04 20:15:31 [INFO] PRAGMA main.table_info("filmecategorialink")
2025-06-04 20:15:31 [INFO] [raw sql] ()
2025-06-04 20:15:31 [INFO] PRAGMA main.table_info("categoria")
2025-06-04 20:15:31 [INFO] [raw sql] ()
2025-06-04 20:15:31 [INFO] PRAGMA main.table_info("filme")
2025-06-04 20:15:31 [INFO] [raw sql] ()
2025-06-04 20:15:31 [INFO] PRAGMA main.table_info("cliente")
2025-06-04 20:15:31 [INFO] [raw sql] ()
2025-06-04 20:15:31 [INFO] PRAGMA main.table_info("locacaofilmelink")
2025-06-04 20:15:31 [INFO] [raw sql] ()
2025-06-04 20:15:31 [INFO] PRAGMA main.table_info("locacao")
2025-06-04 20:15:31 [INFO] [raw sql] ()
2025-06-04 20:15:31 [INFO] PRAGMA main.table_info("pagamento")
2025-06-04 20:15:31 [INFO] [raw sql] ()
2025-06-04 20:15:31 [INFO] COMMIT
2025-06-04 20:18:42 [INFO] BEGIN (implicit)
2025-06-04 20:18:42 [INFO] SELECT filme.id, filme.titulo, filme.ano, filme.duracao, filme.classificacao, filme.sinopse 
FROM filme
 LIMIT ? OFFSET ?
2025-06-04 20:18:42 [INFO] [generated in 0.00068s] (10, 0)
2025-06-04 20:18:42 [INFO] SELECT categoria.id AS categoria_id, categoria.nome AS categoria_nome, categoria.descricao AS categoria_descricao 
FROM categoria, filmecategorialink 
WHERE ? = filmecategorialink.filme_id AND categoria.id = filmecategorialink.categoria_id
2025-06-04 20:18:42 [INFO] [generated in 0.00066s] (1,)
2025-06-04 20:18:42 [INFO] ROLLBACK
2025-06-04 20:19:47 [INFO] BEGIN (implicit)
2025-06-04 20:19:47 [INFO] INSERT INTO cliente (nome, cpf, email, telefone, endereco) VALUES (?, ?, ?, ?, ?)
2025-06-04 20:19:47 [INFO] [generated in 0.00084s] ('Felipe oliveira nogueira', '999.999.999-99', 'felipe@gmail.com', '9999999999', 'Quixadá')
2025-06-04 20:19:47 [INFO] COMMIT
2025-06-04 20:19:47 [INFO] BEGIN (implicit)
2025-06-04 20:19:47 [INFO] SELECT cliente.id, cliente.nome, cliente.cpf, cliente.email, cliente.telefone, cliente.endereco 
FROM cliente 
WHERE cliente.id = ?
2025-06-04 20:19:47 [INFO] [generated in 0.00056s] (1,)
2025-06-04 20:19:47 [INFO] Cliente criado: Felipe oliveira nogueira (id=1)
2025-06-04 20:19:47 [INFO] ROLLBACK
2025-06-04 20:21:08 [INFO] BEGIN (implicit)
2025-06-04 20:21:08 [INFO] INSERT INTO locacao (cliente_id, data_retirada, data_devolucao, valor, status) VALUES (?, ?, ?, ?, ?)
2025-06-04 20:21:08 [INFO] [generated in 0.00071s] (1, '04/06', '05/06', 20.0, 'Pendente')
2025-06-04 20:21:08 [INFO] COMMIT
2025-06-04 20:21:08 [INFO] BEGIN (implicit)
2025-06-04 20:21:08 [INFO] SELECT locacao.id, locacao.cliente_id, locacao.data_retirada, locacao.data_devolucao, locacao.valor, locacao.status 
FROM locacao 
WHERE locacao.id = ?
2025-06-04 20:21:08 [INFO] [generated in 0.00063s] (1,)
2025-06-04 20:21:08 [INFO] SELECT filme.id AS filme_id, filme.titulo AS filme_titulo, filme.ano AS filme_ano, filme.duracao AS filme_duracao, filme.classificacao AS filme_classificacao, filme.sinopse AS filme_sinopse 
FROM filme 
WHERE filme.id = ?
2025-06-04 20:21:08 [INFO] [generated in 0.00052s] (1,)
2025-06-04 20:21:08 [INFO] SELECT locacaofilmelink.locacao_id AS locacaofilmelink_locacao_id, locacaofilmelink.filme_id AS locacaofilmelink_filme_id 
FROM locacaofilmelink 
WHERE ? = locacaofilmelink.locacao_id
2025-06-04 20:21:08 [INFO] [generated in 0.00051s] (1,)
2025-06-04 20:21:08 [INFO] ROLLBACK
2025-06-04 20:22:41 [INFO] BEGIN (implicit)
2025-06-04 20:22:41 [INFO] PRAGMA main.table_info("filmecategorialink")
2025-06-04 20:22:41 [INFO] [raw sql] ()
2025-06-04 20:22:41 [INFO] PRAGMA main.table_info("categoria")
2025-06-04 20:22:41 [INFO] [raw sql] ()
2025-06-04 20:22:41 [INFO] PRAGMA main.table_info("filme")
2025-06-04 20:22:41 [INFO] [raw sql] ()
2025-06-04 20:22:41 [INFO] PRAGMA main.table_info("cliente")
2025-06-04 20:22:41 [INFO] [raw sql] ()
2025-06-04 20:22:41 [INFO] PRAGMA main.table_info("locacaofilmelink")
2025-06-04 20:22:41 [INFO] [raw sql] ()
2025-06-04 20:22:41 [INFO] PRAGMA main.table_info("locacao")
2025-06-04 20:22:41 [INFO] [raw sql] ()
2025-06-04 20:22:41 [INFO] PRAGMA main.table_info("pagamento")
2025-06-04 20:22:41 [INFO] [raw sql] ()
2025-06-04 20:22:41 [INFO] COMMIT
2025-06-04 20:22:43 [INFO] BEGIN (implicit)
2025-06-04 20:22:43 [INFO] PRAGMA main.table_info("filmecategorialink")
2025-06-04 20:22:43 [INFO] [raw sql] ()
2025-06-04 20:22:43 [INFO] PRAGMA main.table_info("categoria")
2025-06-04 20:22:43 [INFO] [raw sql] ()
2025-06-04 20:22:43 [INFO] PRAGMA main.table_info("filme")
2025-06-04 20:22:43 [INFO] [raw sql] ()
2025-06-04 20:22:43 [INFO] PRAGMA main.table_info("cliente")
2025-06-04 20:22:43 [INFO] [raw sql] ()
2025-06-04 20:22:43 [INFO] PRAGMA main.table_info("locacaofilmelink")
2025-06-04 20:22:43 [INFO] [raw sql] ()
2025-06-04 20:22:43 [INFO] PRAGMA main.table_info("locacao")
2025-06-04 20:22:43 [INFO] [raw sql] ()
2025-06-04 20:22:43 [INFO] PRAGMA main.table_info("pagamento")
2025-06-04 20:22:43 [INFO] [raw sql] ()
2025-06-04 20:22:43 [INFO] COMMIT
2025-06-04 20:22:45 [INFO] BEGIN (implicit)
2025-06-04 20:22:45 [INFO] PRAGMA main.table_info("filmecategorialink")
2025-06-04 20:22:45 [INFO] [raw sql] ()
2025-06-04 20:22:45 [INFO] PRAGMA main.table_info("categoria")
2025-06-04 20:22:45 [INFO] [raw sql] ()
2025-06-04 20:22:45 [INFO] PRAGMA main.table_info("filme")
2025-06-04 20:22:45 [INFO] [raw sql] ()
2025-06-04 20:22:45 [INFO] PRAGMA main.table_info("cliente")
2025-06-04 20:22:45 [INFO] [raw sql] ()
2025-06-04 20:22:45 [INFO] PRAGMA main.table_info("locacaofilmelink")
2025-06-04 20:22:45 [INFO] [raw sql] ()
2025-06-04 20:22:45 [INFO] PRAGMA main.table_info("locacao")
2025-06-04 20:22:45 [INFO] [raw sql] ()
2025-06-04 20:22:45 [INFO] PRAGMA main.table_info("pagamento")
2025-06-04 20:22:45 [INFO] [raw sql] ()
2025-06-04 20:22:45 [INFO] COMMIT
2025-06-04 20:22:53 [INFO] BEGIN (implicit)
2025-06-04 20:22:53 [INFO] PRAGMA main.table_info("filmecategorialink")
2025-06-04 20:22:53 [INFO] [raw sql] ()
2025-06-04 20:22:53 [INFO] PRAGMA main.table_info("categoria")
2025-06-04 20:22:53 [INFO] [raw sql] ()
2025-06-04 20:22:53 [INFO] PRAGMA main.table_info("filme")
2025-06-04 20:22:53 [INFO] [raw sql] ()
2025-06-04 20:22:53 [INFO] PRAGMA main.table_info("cliente")
2025-06-04 20:22:53 [INFO] [raw sql] ()
2025-06-04 20:22:53 [INFO] PRAGMA main.table_info("locacaofilmelink")
2025-06-04 20:22:53 [INFO] [raw sql] ()
2025-06-04 20:22:53 [INFO] PRAGMA main.table_info("locacao")
2025-06-04 20:22:53 [INFO] [raw sql] ()
2025-06-04 20:22:53 [INFO] PRAGMA main.table_info("pagamento")
2025-06-04 20:22:53 [INFO] [raw sql] ()
2025-06-04 20:22:53 [INFO] COMMIT
2025-06-04 20:22:56 [INFO] BEGIN (implicit)
2025-06-04 20:22:56 [INFO] PRAGMA main.table_info("filmecategorialink")
2025-06-04 20:22:56 [INFO] [raw sql] ()
2025-06-04 20:22:56 [INFO] PRAGMA main.table_info("categoria")
2025-06-04 20:22:56 [INFO] [raw sql] ()
2025-06-04 20:22:56 [INFO] PRAGMA main.table_info("filme")
2025-06-04 20:22:56 [INFO] [raw sql] ()
2025-06-04 20:22:56 [INFO] PRAGMA main.table_info("cliente")
2025-06-04 20:22:56 [INFO] [raw sql] ()
2025-06-04 20:22:56 [INFO] PRAGMA main.table_info("locacaofilmelink")
2025-06-04 20:22:56 [INFO] [raw sql] ()
2025-06-04 20:22:56 [INFO] PRAGMA main.table_info("locacao")
2025-06-04 20:22:56 [INFO] [raw sql] ()
2025-06-04 20:22:56 [INFO] PRAGMA main.table_info("pagamento")
2025-06-04 20:22:56 [INFO] [raw sql] ()
2025-06-04 20:22:56 [INFO] COMMIT
2025-06-04 20:22:57 [INFO] BEGIN (implicit)
2025-06-04 20:22:57 [INFO] PRAGMA main.table_info("filmecategorialink")
2025-06-04 20:22:57 [INFO] [raw sql] ()
2025-06-04 20:22:57 [INFO] PRAGMA main.table_info("categoria")
2025-06-04 20:22:57 [INFO] [raw sql] ()
2025-06-04 20:22:57 [INFO] PRAGMA main.table_info("filme")
2025-06-04 20:22:57 [INFO] [raw sql] ()
2025-06-04 20:22:57 [INFO] PRAGMA main.table_info("cliente")
2025-06-04 20:22:57 [INFO] [raw sql] ()
2025-06-04 20:22:57 [INFO] PRAGMA main.table_info("locacaofilmelink")
2025-06-04 20:22:57 [INFO] [raw sql] ()
2025-06-04 20:22:57 [INFO] PRAGMA main.table_info("locacao")
2025-06-04 20:22:57 [INFO] [raw sql] ()
2025-06-04 20:22:57 [INFO] PRAGMA main.table_info("pagamento")
2025-06-04 20:22:57 [INFO] [raw sql] ()
2025-06-04 20:22:57 [INFO] COMMIT
2025-06-04 20:23:08 [INFO] BEGIN (implicit)
2025-06-04 20:23:08 [INFO] PRAGMA main.table_info("filmecategorialink")
2025-06-04 20:23:08 [INFO] [raw sql] ()
2025-06-04 20:23:08 [INFO] PRAGMA main.table_info("categoria")
2025-06-04 20:23:08 [INFO] [raw sql] ()
2025-06-04 20:23:08 [INFO] PRAGMA main.table_info("filme")
2025-06-04 20:23:08 [INFO] [raw sql] ()
2025-06-04 20:23:08 [INFO] PRAGMA main.table_info("cliente")
2025-06-04 20:23:08 [INFO] [raw sql] ()
2025-06-04 20:23:08 [INFO] PRAGMA main.table_info("locacaofilmelink")
2025-06-04 20:23:08 [INFO] [raw sql] ()
2025-06-04 20:23:08 [INFO] PRAGMA main.table_info("locacao")
2025-06-04 20:23:08 [INFO] [raw sql] ()
2025-06-04 20:23:08 [INFO] PRAGMA main.table_info("pagamento")
2025-06-04 20:23:08 [INFO] [raw sql] ()
2025-06-04 20:23:08 [INFO] COMMIT
2025-06-04 20:23:37 [INFO] BEGIN (implicit)
2025-06-04 20:23:37 [INFO] PRAGMA main.table_info("filmecategorialink")
2025-06-04 20:23:37 [INFO] [raw sql] ()
2025-06-04 20:23:37 [INFO] PRAGMA main.table_info("categoria")
2025-06-04 20:23:37 [INFO] [raw sql] ()
2025-06-04 20:23:37 [INFO] PRAGMA main.table_info("filme")
2025-06-04 20:23:37 [INFO] [raw sql] ()
2025-06-04 20:23:37 [INFO] PRAGMA main.table_info("cliente")
2025-06-04 20:23:37 [INFO] [raw sql] ()
2025-06-04 20:23:37 [INFO] PRAGMA main.table_info("locacaofilmelink")
2025-06-04 20:23:37 [INFO] [raw sql] ()
2025-06-04 20:23:37 [INFO] PRAGMA main.table_info("locacao")
2025-06-04 20:23:37 [INFO] [raw sql] ()
2025-06-04 20:23:37 [INFO] PRAGMA main.table_info("pagamento")
2025-06-04 20:23:37 [INFO] [raw sql] ()
2025-06-04 20:23:37 [INFO] COMMIT
2025-06-04 20:23:40 [INFO] BEGIN (implicit)
2025-06-04 20:23:40 [INFO] PRAGMA main.table_info("filmecategorialink")
2025-06-04 20:23:40 [INFO] [raw sql] ()
2025-06-04 20:23:40 [INFO] PRAGMA main.table_info("categoria")
2025-06-04 20:23:40 [INFO] [raw sql] ()
2025-06-04 20:23:40 [INFO] PRAGMA main.table_info("filme")
2025-06-04 20:23:40 [INFO] [raw sql] ()
2025-06-04 20:23:40 [INFO] PRAGMA main.table_info("cliente")
2025-06-04 20:23:40 [INFO] [raw sql] ()
2025-06-04 20:23:40 [INFO] PRAGMA main.table_info("locacaofilmelink")
2025-06-04 20:23:40 [INFO] [raw sql] ()
2025-06-04 20:23:40 [INFO] PRAGMA main.table_info("locacao")
2025-06-04 20:23:40 [INFO] [raw sql] ()
2025-06-04 20:23:40 [INFO] PRAGMA main.table_info("pagamento")
2025-06-04 20:23:40 [INFO] [raw sql] ()
2025-06-04 20:23:40 [INFO] COMMIT
2025-06-04 20:23:41 [INFO] BEGIN (implicit)
2025-06-04 20:23:41 [INFO] PRAGMA main.table_info("filmecategorialink")
2025-06-04 20:23:41 [INFO] [raw sql] ()
2025-06-04 20:23:41 [INFO] PRAGMA main.table_info("categoria")
2025-06-04 20:23:41 [INFO] [raw sql] ()
2025-06-04 20:23:41 [INFO] PRAGMA main.table_info("filme")
2025-06-04 20:23:41 [INFO] [raw sql] ()
2025-06-04 20:23:41 [INFO] PRAGMA main.table_info("cliente")
2025-06-04 20:23:41 [INFO] [raw sql] ()
2025-06-04 20:23:41 [INFO] PRAGMA main.table_info("locacaofilmelink")
2025-06-04 20:23:41 [INFO] [raw sql] ()
2025-06-04 20:23:41 [INFO] PRAGMA main.table_info("locacao")
2025-06-04 20:23:41 [INFO] [raw sql] ()
2025-06-04 20:23:41 [INFO] PRAGMA main.table_info("pagamento")
2025-06-04 20:23:41 [INFO] [raw sql] ()
2025-06-04 20:23:41 [INFO] COMMIT
2025-06-04 20:29:21 [INFO] BEGIN (implicit)
2025-06-04 20:29:21 [INFO] PRAGMA main.table_info("filmecategorialink")
2025-06-04 20:29:21 [INFO] [raw sql] ()
2025-06-04 20:29:21 [INFO] PRAGMA main.table_info("categoria")
2025-06-04 20:29:21 [INFO] [raw sql] ()
2025-06-04 20:29:21 [INFO] PRAGMA main.table_info("filme")
2025-06-04 20:29:21 [INFO] [raw sql] ()
2025-06-04 20:29:21 [INFO] PRAGMA main.table_info("cliente")
2025-06-04 20:29:21 [INFO] [raw sql] ()
2025-06-04 20:29:21 [INFO] PRAGMA main.table_info("locacaofilmelink")
2025-06-04 20:29:21 [INFO] [raw sql] ()
2025-06-04 20:29:21 [INFO] PRAGMA main.table_info("locacao")
2025-06-04 20:29:21 [INFO] [raw sql] ()
2025-06-04 20:29:21 [INFO] PRAGMA main.table_info("pagamento")
2025-06-04 20:29:21 [INFO] [raw sql] ()
2025-06-04 20:29:21 [INFO] COMMIT
2025-06-04 20:29:56 [INFO] BEGIN (implicit)
2025-06-04 20:29:56 [INFO] INSERT INTO locacao (cliente_id, data_retirada, data_devolucao, valor, status) VALUES (?, ?, ?, ?, ?)
2025-06-04 20:29:56 [INFO] [generated in 0.00037s] (1, '2024-06-04', '2024-06-10', 49.9, 'ativa')
2025-06-04 20:29:56 [INFO] COMMIT
2025-06-04 20:29:56 [INFO] BEGIN (implicit)
2025-06-04 20:29:56 [INFO] SELECT locacao.id, locacao.cliente_id, locacao.data_retirada, locacao.data_devolucao, locacao.valor, locacao.status 
FROM locacao 
WHERE locacao.id = ?
2025-06-04 20:29:56 [INFO] [generated in 0.00046s] (2,)
2025-06-04 20:29:56 [INFO] INSERT INTO locacaofilmelink (locacao_id, filme_id) VALUES (?, ?)
2025-06-04 20:29:56 [INFO] [generated in 0.00062s] (2, 1)
2025-06-04 20:29:56 [INFO] COMMIT
2025-06-04 20:29:56 [INFO] BEGIN (implicit)
2025-06-04 20:29:56 [INFO] SELECT locacao.id, locacao.cliente_id, locacao.data_retirada, locacao.data_devolucao, locacao.valor, locacao.status 
FROM locacao 
WHERE locacao.id = ?
2025-06-04 20:29:56 [INFO] [cached since 0.02436s ago] (2,)
2025-06-04 20:29:56 [INFO] Locação criada: id=2, cliente_id=1
2025-06-04 20:29:56 [INFO] SELECT locacaofilmelink.locacao_id AS locacaofilmelink_locacao_id, locacaofilmelink.filme_id AS locacaofilmelink_filme_id 
FROM locacaofilmelink 
WHERE ? = locacaofilmelink.locacao_id
2025-06-04 20:29:56 [INFO] [generated in 0.00058s] (2,)
2025-06-04 20:29:56 [INFO] ROLLBACK
2025-06-04 20:31:12 [INFO] BEGIN (implicit)
2025-06-04 20:31:12 [INFO] PRAGMA main.table_info("filmecategorialink")
2025-06-04 20:31:12 [INFO] [raw sql] ()
2025-06-04 20:31:12 [INFO] PRAGMA main.table_info("categoria")
2025-06-04 20:31:12 [INFO] [raw sql] ()
2025-06-04 20:31:12 [INFO] PRAGMA main.table_info("filme")
2025-06-04 20:31:12 [INFO] [raw sql] ()
2025-06-04 20:31:12 [INFO] PRAGMA main.table_info("cliente")
2025-06-04 20:31:12 [INFO] [raw sql] ()
2025-06-04 20:31:12 [INFO] PRAGMA main.table_info("locacaofilmelink")
2025-06-04 20:31:12 [INFO] [raw sql] ()
2025-06-04 20:31:12 [INFO] PRAGMA main.table_info("locacao")
2025-06-04 20:31:12 [INFO] [raw sql] ()
2025-06-04 20:31:12 [INFO] PRAGMA main.table_info("pagamento")
2025-06-04 20:31:12 [INFO] [raw sql] ()
2025-06-04 20:31:12 [INFO] COMMIT
2025-06-04 20:31:14 [INFO] BEGIN (implicit)
2025-06-04 20:31:14 [INFO] PRAGMA main.table_info("filmecategorialink")
2025-06-04 20:31:14 [INFO] [raw sql] ()
2025-06-04 20:31:14 [INFO] PRAGMA main.table_info("categoria")
2025-06-04 20:31:14 [INFO] [raw sql] ()
2025-06-04 20:31:14 [INFO] PRAGMA main.table_info("filme")
2025-06-04 20:31:14 [INFO] [raw sql] ()
2025-06-04 20:31:14 [INFO] PRAGMA main.table_info("cliente")
2025-06-04 20:31:14 [INFO] [raw sql] ()
2025-06-04 20:31:14 [INFO] PRAGMA main.table_info("locacaofilmelink")
2025-06-04 20:31:14 [INFO] [raw sql] ()
2025-06-04 20:31:14 [INFO] PRAGMA main.table_info("locacao")
2025-06-04 20:31:14 [INFO] [raw sql] ()
2025-06-04 20:31:14 [INFO] PRAGMA main.table_info("pagamento")
2025-06-04 20:31:14 [INFO] [raw sql] ()
2025-06-04 20:31:14 [INFO] COMMIT
2025-06-04 20:31:15 [INFO] BEGIN (implicit)
2025-06-04 20:31:15 [INFO] PRAGMA main.table_info("filmecategorialink")
2025-06-04 20:31:15 [INFO] [raw sql] ()
2025-06-04 20:31:15 [INFO] PRAGMA main.table_info("categoria")
2025-06-04 20:31:15 [INFO] [raw sql] ()
2025-06-04 20:31:15 [INFO] PRAGMA main.table_info("filme")
2025-06-04 20:31:15 [INFO] [raw sql] ()
2025-06-04 20:31:15 [INFO] PRAGMA main.table_info("cliente")
2025-06-04 20:31:15 [INFO] [raw sql] ()
2025-06-04 20:31:15 [INFO] PRAGMA main.table_info("locacaofilmelink")
2025-06-04 20:31:15 [INFO] [raw sql] ()
2025-06-04 20:31:15 [INFO] PRAGMA main.table_info("locacao")
2025-06-04 20:31:15 [INFO] [raw sql] ()
2025-06-04 20:31:15 [INFO] PRAGMA main.table_info("pagamento")
2025-06-04 20:31:15 [INFO] [raw sql] ()
2025-06-04 20:31:15 [INFO] COMMIT
2025-06-04 20:31:17 [INFO] BEGIN (implicit)
2025-06-04 20:31:17 [INFO] PRAGMA main.table_info("filmecategorialink")
2025-06-04 20:31:17 [INFO] [raw sql] ()
2025-06-04 20:31:17 [INFO] PRAGMA main.table_info("categoria")
2025-06-04 20:31:17 [INFO] [raw sql] ()
2025-06-04 20:31:17 [INFO] PRAGMA main.table_info("filme")
2025-06-04 20:31:17 [INFO] [raw sql] ()
2025-06-04 20:31:17 [INFO] PRAGMA main.table_info("cliente")
2025-06-04 20:31:17 [INFO] [raw sql] ()
2025-06-04 20:31:17 [INFO] PRAGMA main.table_info("locacaofilmelink")
2025-06-04 20:31:17 [INFO] [raw sql] ()
2025-06-04 20:31:17 [INFO] PRAGMA main.table_info("locacao")
2025-06-04 20:31:17 [INFO] [raw sql] ()
2025-06-04 20:31:17 [INFO] PRAGMA main.table_info("pagamento")
2025-06-04 20:31:17 [INFO] [raw sql] ()
2025-06-04 20:31:17 [INFO] COMMIT
2025-06-04 20:31:19 [INFO] BEGIN (implicit)
2025-06-04 20:31:19 [INFO] PRAGMA main.table_info("filmecategorialink")
2025-06-04 20:31:19 [INFO] [raw sql] ()
2025-06-04 20:31:19 [INFO] PRAGMA main.table_info("categoria")
2025-06-04 20:31:19 [INFO] [raw sql] ()
2025-06-04 20:31:19 [INFO] PRAGMA main.table_info("filme")
2025-06-04 20:31:19 [INFO] [raw sql] ()
2025-06-04 20:31:19 [INFO] PRAGMA main.table_info("cliente")
2025-06-04 20:31:19 [INFO] [raw sql] ()
2025-06-04 20:31:19 [INFO] PRAGMA main.table_info("locacaofilmelink")
2025-06-04 20:31:19 [INFO] [raw sql] ()
2025-06-04 20:31:19 [INFO] PRAGMA main.table_info("locacao")
2025-06-04 20:31:19 [INFO] [raw sql] ()
2025-06-04 20:31:19 [INFO] PRAGMA main.table_info("pagamento")
2025-06-04 20:31:19 [INFO] [raw sql] ()
2025-06-04 20:31:19 [INFO] COMMIT
2025-06-04 20:31:38 [INFO] BEGIN (implicit)
2025-06-04 20:31:38 [INFO] PRAGMA main.table_info("filmecategorialink")
2025-06-04 20:31:38 [INFO] [raw sql] ()
2025-06-04 20:31:38 [INFO] PRAGMA main.table_info("categoria")
2025-06-04 20:31:38 [INFO] [raw sql] ()
2025-06-04 20:31:38 [INFO] PRAGMA main.table_info("filme")
2025-06-04 20:31:38 [INFO] [raw sql] ()
2025-06-04 20:31:38 [INFO] PRAGMA main.table_info("cliente")
2025-06-04 20:31:38 [INFO] [raw sql] ()
2025-06-04 20:31:38 [INFO] PRAGMA main.table_info("locacaofilmelink")
2025-06-04 20:31:38 [INFO] [raw sql] ()
2025-06-04 20:31:38 [INFO] PRAGMA main.table_info("locacao")
2025-06-04 20:31:38 [INFO] [raw sql] ()
2025-06-04 20:31:38 [INFO] PRAGMA main.table_info("pagamento")
2025-06-04 20:31:38 [INFO] [raw sql] ()
2025-06-04 20:31:38 [INFO] COMMIT
2025-06-04 20:32:10 [INFO] BEGIN (implicit)
2025-06-04 20:32:10 [INFO] PRAGMA main.table_info("filmecategorialink")
2025-06-04 20:32:10 [INFO] [raw sql] ()
2025-06-04 20:32:10 [INFO] PRAGMA main.table_info("categoria")
2025-06-04 20:32:10 [INFO] [raw sql] ()
2025-06-04 20:32:10 [INFO] PRAGMA main.table_info("filme")
2025-06-04 20:32:10 [INFO] [raw sql] ()
2025-06-04 20:32:10 [INFO] PRAGMA main.table_info("cliente")
2025-06-04 20:32:10 [INFO] [raw sql] ()
2025-06-04 20:32:10 [INFO] PRAGMA main.table_info("locacaofilmelink")
2025-06-04 20:32:10 [INFO] [raw sql] ()
2025-06-04 20:32:10 [INFO] PRAGMA main.table_info("locacao")
2025-06-04 20:32:10 [INFO] [raw sql] ()
2025-06-04 20:32:10 [INFO] PRAGMA main.table_info("pagamento")
2025-06-04 20:32:10 [INFO] [raw sql] ()
2025-06-04 20:32:10 [INFO] COMMIT
2025-06-04 20:32:36 [INFO] BEGIN (implicit)
2025-06-04 20:32:36 [INFO] INSERT INTO locacao (cliente_id, data_retirada, data_devolucao, valor, status) VALUES (?, ?, ?, ?, ?)
2025-06-04 20:32:36 [INFO] [generated in 0.00055s] (1, '2024-06-04', '2024-06-10', 49.9, 'ativa')
2025-06-04 20:32:36 [INFO] COMMIT
2025-06-04 20:32:36 [INFO] BEGIN (implicit)
2025-06-04 20:32:36 [INFO] SELECT locacao.id, locacao.cliente_id, locacao.data_retirada, locacao.data_devolucao, locacao.valor, locacao.status 
FROM locacao 
WHERE locacao.id = ?
2025-06-04 20:32:36 [INFO] [generated in 0.00056s] (3,)
2025-06-04 20:32:36 [INFO] INSERT INTO locacaofilmelink (locacao_id, filme_id) VALUES (?, ?)
2025-06-04 20:32:36 [INFO] [generated in 0.00052s] (3, 1)
2025-06-04 20:32:36 [INFO] COMMIT
2025-06-04 20:32:36 [INFO] BEGIN (implicit)
2025-06-04 20:32:36 [INFO] SELECT locacao.id, locacao.cliente_id, locacao.data_retirada, locacao.data_devolucao, locacao.valor, locacao.status 
FROM locacao 
WHERE locacao.id = ?
2025-06-04 20:32:36 [INFO] [cached since 0.01284s ago] (3,)
2025-06-04 20:32:36 [INFO] Locação criada: id=3, cliente_id=1
2025-06-04 20:32:36 [INFO] ROLLBACK
2025-06-04 20:32:53 [INFO] BEGIN (implicit)
2025-06-04 20:32:53 [INFO] SELECT locacao.id, locacao.cliente_id, locacao.data_retirada, locacao.data_devolucao, locacao.valor, locacao.status 
FROM locacao
 LIMIT ? OFFSET ?
2025-06-04 20:32:53 [INFO] [generated in 0.00080s] (10, 0)
2025-06-04 20:32:53 [INFO] ROLLBACK
2025-06-04 20:33:33 [INFO] BEGIN (implicit)
2025-06-04 20:33:33 [INFO] INSERT INTO pagamento (locacao_id, data_pagamento, valor_pago, forma_pagamento, status) VALUES (?, ?, ?, ?, ?)
2025-06-04 20:33:33 [INFO] [generated in 0.00073s] (1, '2024-06-05', 49.9, 'cartao', 'confirmado')
2025-06-04 20:33:34 [INFO] COMMIT
2025-06-04 20:33:34 [INFO] BEGIN (implicit)
2025-06-04 20:33:34 [INFO] SELECT pagamento.id, pagamento.locacao_id, pagamento.data_pagamento, pagamento.valor_pago, pagamento.forma_pagamento, pagamento.status 
FROM pagamento 
WHERE pagamento.id = ?
2025-06-04 20:33:34 [INFO] [generated in 0.00049s] (1,)
2025-06-04 20:33:34 [INFO] Pagamento criado: id=1, locacao_id=1
2025-06-04 20:33:34 [INFO] ROLLBACK
2025-06-04 20:33:42 [INFO] BEGIN (implicit)
2025-06-04 20:33:42 [INFO] SELECT pagamento.id, pagamento.locacao_id, pagamento.data_pagamento, pagamento.valor_pago, pagamento.forma_pagamento, pagamento.status 
FROM pagamento
 LIMIT ? OFFSET ?
2025-06-04 20:33:42 [INFO] [generated in 0.00079s] (10, 0)
2025-06-04 20:33:42 [INFO] ROLLBACK
2025-06-04 20:33:52 [INFO] BEGIN (implicit)
2025-06-04 20:33:52 [INFO] SELECT locacao.id AS locacao_id, locacao.cliente_id AS locacao_cliente_id, locacao.data_retirada AS locacao_data_retirada, locacao.data_devolucao AS locacao_data_devolucao, locacao.valor AS locacao_valor, locacao.status AS locacao_status 
FROM locacao 
WHERE locacao.id = ?
2025-06-04 20:33:52 [INFO] [generated in 0.00061s] (1,)
2025-06-04 20:33:52 [INFO] SELECT locacaofilmelink.locacao_id AS locacaofilmelink_locacao_id, locacaofilmelink.filme_id AS locacaofilmelink_filme_id 
FROM locacaofilmelink 
WHERE ? = locacaofilmelink.locacao_id
2025-06-04 20:33:52 [INFO] [generated in 0.00074s] (1,)
2025-06-04 20:33:52 [INFO] ROLLBACK
2025-06-04 20:34:02 [INFO] BEGIN (implicit)
2025-06-04 20:34:02 [INFO] SELECT locacao.id AS locacao_id, locacao.cliente_id AS locacao_cliente_id, locacao.data_retirada AS locacao_data_retirada, locacao.data_devolucao AS locacao_data_devolucao, locacao.valor AS locacao_valor, locacao.status AS locacao_status 
FROM locacao 
WHERE locacao.id = ?
2025-06-04 20:34:02 [INFO] [cached since 9.376s ago] (3,)
2025-06-04 20:34:02 [INFO] SELECT locacaofilmelink.locacao_id AS locacaofilmelink_locacao_id, locacaofilmelink.filme_id AS locacaofilmelink_filme_id 
FROM locacaofilmelink 
WHERE ? = locacaofilmelink.locacao_id
2025-06-04 20:34:02 [INFO] [cached since 9.374s ago] (3,)
2025-06-04 20:34:02 [INFO] ROLLBACK
2025-06-04 20:34:13 [INFO] BEGIN (implicit)
2025-06-04 20:34:13 [INFO] SELECT locacao.id AS locacao_id, locacao.cliente_id AS locacao_cliente_id, locacao.data_retirada AS locacao_data_retirada, locacao.data_devolucao AS locacao_data_devolucao, locacao.valor AS locacao_valor, locacao.status AS locacao_status 
FROM locacao 
WHERE locacao.id = ?
2025-06-04 20:34:13 [INFO] [cached since 21.1s ago] (2,)
2025-06-04 20:34:13 [INFO] SELECT locacaofilmelink.locacao_id AS locacaofilmelink_locacao_id, locacaofilmelink.filme_id AS locacaofilmelink_filme_id 
FROM locacaofilmelink 
WHERE ? = locacaofilmelink.locacao_id
2025-06-04 20:34:13 [INFO] [cached since 21.09s ago] (2,)
2025-06-04 20:34:13 [INFO] ROLLBACK
2025-06-04 20:35:49 [INFO] BEGIN (implicit)
2025-06-04 20:35:49 [INFO] PRAGMA main.table_info("filmecategorialink")
2025-06-04 20:35:49 [INFO] [raw sql] ()
2025-06-04 20:35:49 [INFO] PRAGMA main.table_info("categoria")
2025-06-04 20:35:49 [INFO] [raw sql] ()
2025-06-04 20:35:49 [INFO] PRAGMA main.table_info("filme")
2025-06-04 20:35:49 [INFO] [raw sql] ()
2025-06-04 20:35:49 [INFO] PRAGMA main.table_info("cliente")
2025-06-04 20:35:49 [INFO] [raw sql] ()
2025-06-04 20:35:49 [INFO] PRAGMA main.table_info("locacaofilmelink")
2025-06-04 20:35:49 [INFO] [raw sql] ()
2025-06-04 20:35:49 [INFO] PRAGMA main.table_info("locacao")
2025-06-04 20:35:49 [INFO] [raw sql] ()
2025-06-04 20:35:49 [INFO] PRAGMA main.table_info("pagamento")
2025-06-04 20:35:49 [INFO] [raw sql] ()
2025-06-04 20:35:49 [INFO] COMMIT
2025-06-04 20:36:39 [INFO] BEGIN (implicit)
2025-06-04 20:36:39 [INFO] PRAGMA main.table_info("filmecategorialink")
2025-06-04 20:36:39 [INFO] [raw sql] ()
2025-06-04 20:36:39 [INFO] PRAGMA main.table_info("categoria")
2025-06-04 20:36:39 [INFO] [raw sql] ()
2025-06-04 20:36:39 [INFO] PRAGMA main.table_info("filme")
2025-06-04 20:36:39 [INFO] [raw sql] ()
2025-06-04 20:36:39 [INFO] PRAGMA main.table_info("cliente")
2025-06-04 20:36:39 [INFO] [raw sql] ()
2025-06-04 20:36:39 [INFO] PRAGMA main.table_info("locacaofilmelink")
2025-06-04 20:36:39 [INFO] [raw sql] ()
2025-06-04 20:36:39 [INFO] PRAGMA main.table_info("locacao")
2025-06-04 20:36:39 [INFO] [raw sql] ()
2025-06-04 20:36:39 [INFO] PRAGMA main.table_info("pagamento")
2025-06-04 20:36:39 [INFO] [raw sql] ()
2025-06-04 20:36:39 [INFO] COMMIT
2025-06-04 20:36:45 [INFO] BEGIN (implicit)
2025-06-04 20:36:45 [INFO] PRAGMA main.table_info("filmecategorialink")
2025-06-04 20:36:45 [INFO] [raw sql] ()
2025-06-04 20:36:45 [INFO] PRAGMA main.table_info("categoria")
2025-06-04 20:36:45 [INFO] [raw sql] ()
2025-06-04 20:36:45 [INFO] PRAGMA main.table_info("filme")
2025-06-04 20:36:45 [INFO] [raw sql] ()
2025-06-04 20:36:45 [INFO] PRAGMA main.table_info("cliente")
2025-06-04 20:36:45 [INFO] [raw sql] ()
2025-06-04 20:36:45 [INFO] PRAGMA main.table_info("locacaofilmelink")
2025-06-04 20:36:45 [INFO] [raw sql] ()
2025-06-04 20:36:45 [INFO] PRAGMA main.table_info("locacao")
2025-06-04 20:36:45 [INFO] [raw sql] ()
2025-06-04 20:36:45 [INFO] PRAGMA main.table_info("pagamento")
2025-06-04 20:36:45 [INFO] [raw sql] ()
2025-06-04 20:36:45 [INFO] COMMIT
2025-06-04 20:37:01 [INFO] BEGIN (implicit)
2025-06-04 20:37:01 [INFO] SELECT locacao.id, locacao.cliente_id, locacao.data_retirada, locacao.data_devolucao, locacao.valor, locacao.status 
FROM locacao
2025-06-04 20:37:01 [INFO] [generated in 0.00086s] ()
2025-06-04 20:37:01 [INFO] ROLLBACK
2025-06-04 20:37:09 [INFO] BEGIN (implicit)
2025-06-04 20:37:09 [INFO] PRAGMA main.table_info("filmecategorialink")
2025-06-04 20:37:09 [INFO] [raw sql] ()
2025-06-04 20:37:09 [INFO] PRAGMA main.table_info("categoria")
2025-06-04 20:37:09 [INFO] [raw sql] ()
2025-06-04 20:37:09 [INFO] PRAGMA main.table_info("filme")
2025-06-04 20:37:09 [INFO] [raw sql] ()
2025-06-04 20:37:09 [INFO] PRAGMA main.table_info("cliente")
2025-06-04 20:37:09 [INFO] [raw sql] ()
2025-06-04 20:37:09 [INFO] PRAGMA main.table_info("locacaofilmelink")
2025-06-04 20:37:09 [INFO] [raw sql] ()
2025-06-04 20:37:09 [INFO] PRAGMA main.table_info("locacao")
2025-06-04 20:37:09 [INFO] [raw sql] ()
2025-06-04 20:37:09 [INFO] PRAGMA main.table_info("pagamento")
2025-06-04 20:37:09 [INFO] [raw sql] ()
2025-06-04 20:37:09 [INFO] COMMIT
2025-06-04 20:37:10 [INFO] BEGIN (implicit)
2025-06-04 20:37:10 [INFO] PRAGMA main.table_info("filmecategorialink")
2025-06-04 20:37:10 [INFO] [raw sql] ()
2025-06-04 20:37:10 [INFO] PRAGMA main.table_info("categoria")
2025-06-04 20:37:10 [INFO] [raw sql] ()
2025-06-04 20:37:10 [INFO] PRAGMA main.table_info("filme")
2025-06-04 20:37:10 [INFO] [raw sql] ()
2025-06-04 20:37:10 [INFO] PRAGMA main.table_info("cliente")
2025-06-04 20:37:10 [INFO] [raw sql] ()
2025-06-04 20:37:10 [INFO] PRAGMA main.table_info("locacaofilmelink")
2025-06-04 20:37:10 [INFO] [raw sql] ()
2025-06-04 20:37:10 [INFO] PRAGMA main.table_info("locacao")
2025-06-04 20:37:10 [INFO] [raw sql] ()
2025-06-04 20:37:10 [INFO] PRAGMA main.table_info("pagamento")
2025-06-04 20:37:10 [INFO] [raw sql] ()
2025-06-04 20:37:10 [INFO] COMMIT
2025-06-04 20:37:12 [INFO] BEGIN (implicit)
2025-06-04 20:37:12 [INFO] PRAGMA main.table_info("filmecategorialink")
2025-06-04 20:37:12 [INFO] [raw sql] ()
2025-06-04 20:37:12 [INFO] PRAGMA main.table_info("categoria")
2025-06-04 20:37:12 [INFO] [raw sql] ()
2025-06-04 20:37:12 [INFO] PRAGMA main.table_info("filme")
2025-06-04 20:37:12 [INFO] [raw sql] ()
2025-06-04 20:37:12 [INFO] PRAGMA main.table_info("cliente")
2025-06-04 20:37:12 [INFO] [raw sql] ()
2025-06-04 20:37:12 [INFO] PRAGMA main.table_info("locacaofilmelink")
2025-06-04 20:37:12 [INFO] [raw sql] ()
2025-06-04 20:37:12 [INFO] PRAGMA main.table_info("locacao")
2025-06-04 20:37:12 [INFO] [raw sql] ()
2025-06-04 20:37:12 [INFO] PRAGMA main.table_info("pagamento")
2025-06-04 20:37:12 [INFO] [raw sql] ()
2025-06-04 20:37:12 [INFO] COMMIT
2025-06-04 20:37:17 [INFO] BEGIN (implicit)
2025-06-04 20:37:17 [INFO] PRAGMA main.table_info("filmecategorialink")
2025-06-04 20:37:17 [INFO] [raw sql] ()
2025-06-04 20:37:17 [INFO] PRAGMA main.table_info("categoria")
2025-06-04 20:37:17 [INFO] [raw sql] ()
2025-06-04 20:37:17 [INFO] PRAGMA main.table_info("filme")
2025-06-04 20:37:17 [INFO] [raw sql] ()
2025-06-04 20:37:17 [INFO] PRAGMA main.table_info("cliente")
2025-06-04 20:37:17 [INFO] [raw sql] ()
2025-06-04 20:37:17 [INFO] PRAGMA main.table_info("locacaofilmelink")
2025-06-04 20:37:17 [INFO] [raw sql] ()
2025-06-04 20:37:17 [INFO] PRAGMA main.table_info("locacao")
2025-06-04 20:37:17 [INFO] [raw sql] ()
2025-06-04 20:37:17 [INFO] PRAGMA main.table_info("pagamento")
2025-06-04 20:37:17 [INFO] [raw sql] ()
2025-06-04 20:37:17 [INFO] COMMIT
2025-06-05 14:02:59 [INFO] BEGIN (implicit)
2025-06-05 14:02:59 [INFO] PRAGMA main.table_info("filmecategorialink")
2025-06-05 14:02:59 [INFO] [raw sql] ()
2025-06-05 14:02:59 [INFO] PRAGMA main.table_info("categoria")
2025-06-05 14:02:59 [INFO] [raw sql] ()
2025-06-05 14:02:59 [INFO] PRAGMA main.table_info("filme")
2025-06-05 14:02:59 [INFO] [raw sql] ()
2025-06-05 14:02:59 [INFO] PRAGMA main.table_info("cliente")
2025-06-05 14:02:59 [INFO] [raw sql] ()
2025-06-05 14:02:59 [INFO] PRAGMA main.table_info("locacaofilmelink")
2025-06-05 14:02:59 [INFO] [raw sql] ()
2025-06-05 14:02:59 [INFO] PRAGMA main.table_info("locacao")
2025-06-05 14:02:59 [INFO] [raw sql] ()
2025-06-05 14:02:59 [INFO] PRAGMA main.table_info("pagamento")
2025-06-05 14:02:59 [INFO] [raw sql] ()
2025-06-05 14:02:59 [INFO] COMMIT
2025-06-05 14:03:36 [INFO] BEGIN (implicit)
2025-06-05 14:03:36 [INFO] SELECT cliente.id, cliente.nome, cliente.cpf, cliente.email, cliente.telefone, cliente.endereco 
FROM cliente
 LIMIT ? OFFSET ?
2025-06-05 14:03:36 [INFO] [generated in 0.00060s] (10, 0)
2025-06-05 14:03:36 [INFO] ROLLBACK
2025-06-05 14:05:00 [INFO] BEGIN (implicit)
2025-06-05 14:05:00 [INFO] SELECT filme.id, filme.titulo, filme.ano, filme.duracao, filme.classificacao, filme.sinopse 
FROM filme
 LIMIT ? OFFSET ?
2025-06-05 14:05:00 [INFO] [generated in 0.00132s] (10, 0)
2025-06-05 14:05:00 [INFO] SELECT categoria.id AS categoria_id, categoria.nome AS categoria_nome, categoria.descricao AS categoria_descricao 
FROM categoria, filmecategorialink 
WHERE ? = filmecategorialink.filme_id AND categoria.id = filmecategorialink.categoria_id
2025-06-05 14:05:00 [INFO] [generated in 0.00050s] (1,)
2025-06-05 14:05:00 [INFO] ROLLBACK
2025-06-06 10:33:18 [INFO] BEGIN (implicit)
2025-06-06 10:33:18 [INFO] PRAGMA main.table_info("filmecategorialink")
2025-06-06 10:33:18 [INFO] [raw sql] ()
2025-06-06 10:33:18 [INFO] PRAGMA main.table_info("categoria")
2025-06-06 10:33:18 [INFO] [raw sql] ()
2025-06-06 10:33:18 [INFO] PRAGMA main.table_info("filme")
2025-06-06 10:33:18 [INFO] [raw sql] ()
2025-06-06 10:33:18 [INFO] PRAGMA main.table_info("cliente")
2025-06-06 10:33:18 [INFO] [raw sql] ()
2025-06-06 10:33:18 [INFO] PRAGMA main.table_info("locacaofilmelink")
2025-06-06 10:33:18 [INFO] [raw sql] ()
2025-06-06 10:33:18 [INFO] PRAGMA main.table_info("locacao")
2025-06-06 10:33:18 [INFO] [raw sql] ()
2025-06-06 10:33:18 [INFO] PRAGMA main.table_info("pagamento")
2025-06-06 10:33:18 [INFO] [raw sql] ()
2025-06-06 10:33:18 [INFO] COMMIT
2025-06-06 10:33:27 [INFO] BEGIN (implicit)
2025-06-06 10:33:27 [INFO] SELECT locacao.id, locacao.cliente_id, locacao.data_retirada, locacao.data_devolucao, locacao.valor, locacao.status 
FROM locacao
 LIMIT ? OFFSET ?
2025-06-06 10:33:27 [INFO] [generated in 0.00140s] (10, 0)
2025-06-06 10:33:27 [INFO] ROLLBACK
2025-06-06 10:33:41 [INFO] BEGIN (implicit)
2025-06-06 10:33:41 [INFO] SELECT pagamento.id, pagamento.locacao_id, pagamento.data_pagamento, pagamento.valor_pago, pagamento.forma_pagamento, pagamento.status 
FROM pagamento
 LIMIT ? OFFSET ?
2025-06-06 10:33:41 [INFO] [generated in 0.00316s] (10, 0)
2025-06-06 10:33:41 [INFO] ROLLBACK
2025-06-06 10:34:10 [INFO] BEGIN (implicit)
2025-06-06 10:34:10 [INFO] PRAGMA main.table_info("filmecategorialink")
2025-06-06 10:34:10 [INFO] [raw sql] ()
2025-06-06 10:34:10 [INFO] PRAGMA main.table_info("categoria")
2025-06-06 10:34:10 [INFO] [raw sql] ()
2025-06-06 10:34:10 [INFO] PRAGMA main.table_info("filme")
2025-06-06 10:34:10 [INFO] [raw sql] ()
2025-06-06 10:34:10 [INFO] PRAGMA main.table_info("cliente")
2025-06-06 10:34:10 [INFO] [raw sql] ()
2025-06-06 10:34:10 [INFO] PRAGMA main.table_info("locacaofilmelink")
2025-06-06 10:34:10 [INFO] [raw sql] ()
2025-06-06 10:34:10 [INFO] PRAGMA main.table_info("locacao")
2025-06-06 10:34:10 [INFO] [raw sql] ()
2025-06-06 10:34:10 [INFO] PRAGMA main.table_info("pagamento")
2025-06-06 10:34:10 [INFO] [raw sql] ()
2025-06-06 10:34:10 [INFO] COMMIT
2025-06-06 10:34:18 [INFO] BEGIN (implicit)
2025-06-06 10:34:18 [INFO] PRAGMA main.table_info("filmecategorialink")
2025-06-06 10:34:18 [INFO] [raw sql] ()
2025-06-06 10:34:18 [INFO] PRAGMA main.table_info("categoria")
2025-06-06 10:34:18 [INFO] [raw sql] ()
2025-06-06 10:34:18 [INFO] PRAGMA main.table_info("filme")
2025-06-06 10:34:18 [INFO] [raw sql] ()
2025-06-06 10:34:18 [INFO] PRAGMA main.table_info("cliente")
2025-06-06 10:34:18 [INFO] [raw sql] ()
2025-06-06 10:34:18 [INFO] PRAGMA main.table_info("locacaofilmelink")
2025-06-06 10:34:18 [INFO] [raw sql] ()
2025-06-06 10:34:18 [INFO] PRAGMA main.table_info("locacao")
2025-06-06 10:34:18 [INFO] [raw sql] ()
2025-06-06 10:34:18 [INFO] PRAGMA main.table_info("pagamento")
2025-06-06 10:34:18 [INFO] [raw sql] ()
2025-06-06 10:34:18 [INFO] COMMIT
2025-06-06 10:34:20 [INFO] BEGIN (implicit)
2025-06-06 10:34:20 [INFO] PRAGMA main.table_info("filmecategorialink")
2025-06-06 10:34:20 [INFO] [raw sql] ()
2025-06-06 10:34:20 [INFO] PRAGMA main.table_info("categoria")
2025-06-06 10:34:20 [INFO] [raw sql] ()
2025-06-06 10:34:20 [INFO] PRAGMA main.table_info("filme")
2025-06-06 10:34:20 [INFO] [raw sql] ()
2025-06-06 10:34:20 [INFO] PRAGMA main.table_info("cliente")
2025-06-06 10:34:20 [INFO] [raw sql] ()
2025-06-06 10:34:20 [INFO] PRAGMA main.table_info("locacaofilmelink")
2025-06-06 10:34:20 [INFO] [raw sql] ()
2025-06-06 10:34:20 [INFO] PRAGMA main.table_info("locacao")
2025-06-06 10:34:20 [INFO] [raw sql] ()
2025-06-06 10:34:20 [INFO] PRAGMA main.table_info("pagamento")
2025-06-06 10:34:20 [INFO] [raw sql] ()
2025-06-06 10:34:20 [INFO] COMMIT
2025-06-06 10:34:36 [INFO] BEGIN (implicit)
2025-06-06 10:34:36 [INFO] SELECT filme.id, filme.titulo, filme.ano, filme.duracao, filme.classificacao, filme.sinopse 
FROM filme
2025-06-06 10:34:36 [INFO] [generated in 0.00143s] ()
2025-06-06 10:34:36 [INFO] ROLLBACK
2025-06-06 10:34:49 [INFO] BEGIN (implicit)
2025-06-06 10:34:49 [INFO] PRAGMA main.table_info("filmecategorialink")
2025-06-06 10:34:49 [INFO] [raw sql] ()
2025-06-06 10:34:49 [INFO] PRAGMA main.table_info("categoria")
2025-06-06 10:34:49 [INFO] [raw sql] ()
2025-06-06 10:34:49 [INFO] PRAGMA main.table_info("filme")
2025-06-06 10:34:50 [INFO] [raw sql] ()
2025-06-06 10:34:50 [INFO] PRAGMA main.table_info("cliente")
2025-06-06 10:34:50 [INFO] [raw sql] ()
2025-06-06 10:34:50 [INFO] PRAGMA main.table_info("locacaofilmelink")
2025-06-06 10:34:50 [INFO] [raw sql] ()
2025-06-06 10:34:50 [INFO] PRAGMA main.table_info("locacao")
2025-06-06 10:34:50 [INFO] [raw sql] ()
2025-06-06 10:34:50 [INFO] PRAGMA main.table_info("pagamento")
2025-06-06 10:34:50 [INFO] [raw sql] ()
2025-06-06 10:34:50 [INFO] COMMIT
2025-06-06 10:35:43 [INFO] BEGIN (implicit)
2025-06-06 10:35:43 [INFO] PRAGMA main.table_info("filmecategorialink")
2025-06-06 10:35:43 [INFO] [raw sql] ()
2025-06-06 10:35:43 [INFO] PRAGMA main.table_info("categoria")
2025-06-06 10:35:43 [INFO] [raw sql] ()
2025-06-06 10:35:43 [INFO] PRAGMA main.table_info("filme")
2025-06-06 10:35:43 [INFO] [raw sql] ()
2025-06-06 10:35:43 [INFO] PRAGMA main.table_info("cliente")
2025-06-06 10:35:43 [INFO] [raw sql] ()
2025-06-06 10:35:43 [INFO] PRAGMA main.table_info("locacaofilmelink")
2025-06-06 10:35:43 [INFO] [raw sql] ()
2025-06-06 10:35:43 [INFO] PRAGMA main.table_info("locacao")
2025-06-06 10:35:43 [INFO] [raw sql] ()
2025-06-06 10:35:43 [INFO] PRAGMA main.table_info("pagamento")
2025-06-06 10:35:43 [INFO] [raw sql] ()
2025-06-06 10:35:43 [INFO] COMMIT
2025-06-06 10:35:52 [INFO] BEGIN (implicit)
2025-06-06 10:35:52 [INFO] SELECT filme.id, filme.titulo, filme.ano, filme.duracao, filme.classificacao, filme.sinopse 
FROM filme
2025-06-06 10:35:52 [INFO] [generated in 0.00171s] ()
2025-06-06 10:35:52 [INFO] ROLLBACK
2025-06-06 10:36:15 [INFO] BEGIN (implicit)
2025-06-06 10:36:15 [INFO] PRAGMA main.table_info("filmecategorialink")
2025-06-06 10:36:15 [INFO] [raw sql] ()
2025-06-06 10:36:15 [INFO] PRAGMA main.table_info("categoria")
2025-06-06 10:36:15 [INFO] [raw sql] ()
2025-06-06 10:36:15 [INFO] PRAGMA main.table_info("filme")
2025-06-06 10:36:15 [INFO] [raw sql] ()
2025-06-06 10:36:15 [INFO] PRAGMA main.table_info("cliente")
2025-06-06 10:36:15 [INFO] [raw sql] ()
2025-06-06 10:36:15 [INFO] PRAGMA main.table_info("locacaofilmelink")
2025-06-06 10:36:15 [INFO] [raw sql] ()
2025-06-06 10:36:15 [INFO] PRAGMA main.table_info("locacao")
2025-06-06 10:36:15 [INFO] [raw sql] ()
2025-06-06 10:36:15 [INFO] PRAGMA main.table_info("pagamento")
2025-06-06 10:36:15 [INFO] [raw sql] ()
2025-06-06 10:36:15 [INFO] COMMIT
2025-06-06 10:36:22 [INFO] BEGIN (implicit)
2025-06-06 10:36:22 [INFO] PRAGMA main.table_info("filmecategorialink")
2025-06-06 10:36:22 [INFO] [raw sql] ()
2025-06-06 10:36:22 [INFO] PRAGMA main.table_info("categoria")
2025-06-06 10:36:22 [INFO] [raw sql] ()
2025-06-06 10:36:22 [INFO] PRAGMA main.table_info("filme")
2025-06-06 10:36:22 [INFO] [raw sql] ()
2025-06-06 10:36:22 [INFO] PRAGMA main.table_info("cliente")
2025-06-06 10:36:22 [INFO] [raw sql] ()
2025-06-06 10:36:22 [INFO] PRAGMA main.table_info("locacaofilmelink")
2025-06-06 10:36:22 [INFO] [raw sql] ()
2025-06-06 10:36:22 [INFO] PRAGMA main.table_info("locacao")
2025-06-06 10:36:22 [INFO] [raw sql] ()
2025-06-06 10:36:22 [INFO] PRAGMA main.table_info("pagamento")
2025-06-06 10:36:22 [INFO] [raw sql] ()
2025-06-06 10:36:22 [INFO] COMMIT
2025-06-06 10:36:57 [INFO] BEGIN (implicit)
2025-06-06 10:36:57 [INFO] PRAGMA main.table_info("filmecategorialink")
2025-06-06 10:36:57 [INFO] [raw sql] ()
2025-06-06 10:36:57 [INFO] PRAGMA main.table_info("categoria")
2025-06-06 10:36:57 [INFO] [raw sql] ()
2025-06-06 10:36:57 [INFO] PRAGMA main.table_info("filme")
2025-06-06 10:36:57 [INFO] [raw sql] ()
2025-06-06 10:36:57 [INFO] PRAGMA main.table_info("cliente")
2025-06-06 10:36:57 [INFO] [raw sql] ()
2025-06-06 10:36:57 [INFO] PRAGMA main.table_info("locacaofilmelink")
2025-06-06 10:36:57 [INFO] [raw sql] ()
2025-06-06 10:36:57 [INFO] PRAGMA main.table_info("locacao")
2025-06-06 10:36:57 [INFO] [raw sql] ()
2025-06-06 10:36:57 [INFO] PRAGMA main.table_info("pagamento")
2025-06-06 10:36:57 [INFO] [raw sql] ()
2025-06-06 10:36:57 [INFO] COMMIT
2025-06-06 10:37:04 [INFO] BEGIN (implicit)
2025-06-06 10:37:04 [INFO] PRAGMA main.table_info("filmecategorialink")
2025-06-06 10:37:04 [INFO] [raw sql] ()
2025-06-06 10:37:04 [INFO] PRAGMA main.table_info("categoria")
2025-06-06 10:37:04 [INFO] [raw sql] ()
2025-06-06 10:37:04 [INFO] PRAGMA main.table_info("filme")
2025-06-06 10:37:04 [INFO] [raw sql] ()
2025-06-06 10:37:04 [INFO] PRAGMA main.table_info("cliente")
2025-06-06 10:37:04 [INFO] [raw sql] ()
2025-06-06 10:37:04 [INFO] PRAGMA main.table_info("locacaofilmelink")
2025-06-06 10:37:04 [INFO] [raw sql] ()
2025-06-06 10:37:04 [INFO] PRAGMA main.table_info("locacao")
2025-06-06 10:37:04 [INFO] [raw sql] ()
2025-06-06 10:37:04 [INFO] PRAGMA main.table_info("pagamento")
2025-06-06 10:37:04 [INFO] [raw sql] ()
2025-06-06 10:37:04 [INFO] COMMIT
2025-06-06 10:37:07 [INFO] BEGIN (implicit)
2025-06-06 10:37:07 [INFO] PRAGMA main.table_info("filmecategorialink")
2025-06-06 10:37:07 [INFO] [raw sql] ()
2025-06-06 10:37:07 [INFO] PRAGMA main.table_info("categoria")
2025-06-06 10:37:07 [INFO] [raw sql] ()
2025-06-06 10:37:07 [INFO] PRAGMA main.table_info("filme")
2025-06-06 10:37:07 [INFO] [raw sql] ()
2025-06-06 10:37:07 [INFO] PRAGMA main.table_info("cliente")
2025-06-06 10:37:07 [INFO] [raw sql] ()
2025-06-06 10:37:07 [INFO] PRAGMA main.table_info("locacaofilmelink")
2025-06-06 10:37:07 [INFO] [raw sql] ()
2025-06-06 10:37:07 [INFO] PRAGMA main.table_info("locacao")
2025-06-06 10:37:07 [INFO] [raw sql] ()
2025-06-06 10:37:07 [INFO] PRAGMA main.table_info("pagamento")
2025-06-06 10:37:07 [INFO] [raw sql] ()
2025-06-06 10:37:07 [INFO] COMMIT
2025-06-06 10:37:10 [INFO] BEGIN (implicit)
2025-06-06 10:37:10 [INFO] PRAGMA main.table_info("filmecategorialink")
2025-06-06 10:37:10 [INFO] [raw sql] ()
2025-06-06 10:37:10 [INFO] PRAGMA main.table_info("categoria")
2025-06-06 10:37:10 [INFO] [raw sql] ()
2025-06-06 10:37:10 [INFO] PRAGMA main.table_info("filme")
2025-06-06 10:37:10 [INFO] [raw sql] ()
2025-06-06 10:37:10 [INFO] PRAGMA main.table_info("cliente")
2025-06-06 10:37:10 [INFO] [raw sql] ()
2025-06-06 10:37:10 [INFO] PRAGMA main.table_info("locacaofilmelink")
2025-06-06 10:37:10 [INFO] [raw sql] ()
2025-06-06 10:37:10 [INFO] PRAGMA main.table_info("locacao")
2025-06-06 10:37:10 [INFO] [raw sql] ()
2025-06-06 10:37:10 [INFO] PRAGMA main.table_info("pagamento")
2025-06-06 10:37:10 [INFO] [raw sql] ()
2025-06-06 10:37:10 [INFO] COMMIT
2025-06-06 10:37:12 [INFO] BEGIN (implicit)
2025-06-06 10:37:12 [INFO] PRAGMA main.table_info("filmecategorialink")
2025-06-06 10:37:12 [INFO] [raw sql] ()
2025-06-06 10:37:12 [INFO] PRAGMA main.table_info("categoria")
2025-06-06 10:37:12 [INFO] [raw sql] ()
2025-06-06 10:37:12 [INFO] PRAGMA main.table_info("filme")
2025-06-06 10:37:12 [INFO] [raw sql] ()
2025-06-06 10:37:12 [INFO] PRAGMA main.table_info("cliente")
2025-06-06 10:37:12 [INFO] [raw sql] ()
2025-06-06 10:37:12 [INFO] PRAGMA main.table_info("locacaofilmelink")
2025-06-06 10:37:12 [INFO] [raw sql] ()
2025-06-06 10:37:12 [INFO] PRAGMA main.table_info("locacao")
2025-06-06 10:37:12 [INFO] [raw sql] ()
2025-06-06 10:37:12 [INFO] PRAGMA main.table_info("pagamento")
2025-06-06 10:37:12 [INFO] [raw sql] ()
2025-06-06 10:37:12 [INFO] COMMIT
2025-06-06 10:37:16 [INFO] BEGIN (implicit)
2025-06-06 10:37:16 [INFO] PRAGMA main.table_info("filmecategorialink")
2025-06-06 10:37:16 [INFO] [raw sql] ()
2025-06-06 10:37:16 [INFO] PRAGMA main.table_info("categoria")
2025-06-06 10:37:16 [INFO] [raw sql] ()
2025-06-06 10:37:16 [INFO] PRAGMA main.table_info("filme")
2025-06-06 10:37:16 [INFO] [raw sql] ()
2025-06-06 10:37:16 [INFO] PRAGMA main.table_info("cliente")
2025-06-06 10:37:16 [INFO] [raw sql] ()
2025-06-06 10:37:16 [INFO] PRAGMA main.table_info("locacaofilmelink")
2025-06-06 10:37:16 [INFO] [raw sql] ()
2025-06-06 10:37:16 [INFO] PRAGMA main.table_info("locacao")
2025-06-06 10:37:16 [INFO] [raw sql] ()
2025-06-06 10:37:16 [INFO] PRAGMA main.table_info("pagamento")
2025-06-06 10:37:16 [INFO] [raw sql] ()
2025-06-06 10:37:16 [INFO] COMMIT
2025-06-06 10:37:21 [INFO] BEGIN (implicit)
2025-06-06 10:37:21 [INFO] PRAGMA main.table_info("filmecategorialink")
2025-06-06 10:37:21 [INFO] [raw sql] ()
2025-06-06 10:37:21 [INFO] PRAGMA main.table_info("categoria")
2025-06-06 10:37:21 [INFO] [raw sql] ()
2025-06-06 10:37:21 [INFO] PRAGMA main.table_info("filme")
2025-06-06 10:37:21 [INFO] [raw sql] ()
2025-06-06 10:37:21 [INFO] PRAGMA main.table_info("cliente")
2025-06-06 10:37:21 [INFO] [raw sql] ()
2025-06-06 10:37:21 [INFO] PRAGMA main.table_info("locacaofilmelink")
2025-06-06 10:37:21 [INFO] [raw sql] ()
2025-06-06 10:37:21 [INFO] PRAGMA main.table_info("locacao")
2025-06-06 10:37:21 [INFO] [raw sql] ()
2025-06-06 10:37:21 [INFO] PRAGMA main.table_info("pagamento")
2025-06-06 10:37:21 [INFO] [raw sql] ()
2025-06-06 10:37:21 [INFO] COMMIT
2025-06-06 10:37:23 [INFO] BEGIN (implicit)
2025-06-06 10:37:23 [INFO] PRAGMA main.table_info("filmecategorialink")
2025-06-06 10:37:23 [INFO] [raw sql] ()
2025-06-06 10:37:23 [INFO] PRAGMA main.table_info("categoria")
2025-06-06 10:37:23 [INFO] [raw sql] ()
2025-06-06 10:37:23 [INFO] PRAGMA main.table_info("filme")
2025-06-06 10:37:23 [INFO] [raw sql] ()
2025-06-06 10:37:23 [INFO] PRAGMA main.table_info("cliente")
2025-06-06 10:37:23 [INFO] [raw sql] ()
2025-06-06 10:37:23 [INFO] PRAGMA main.table_info("locacaofilmelink")
2025-06-06 10:37:23 [INFO] [raw sql] ()
2025-06-06 10:37:23 [INFO] PRAGMA main.table_info("locacao")
2025-06-06 10:37:23 [INFO] [raw sql] ()
2025-06-06 10:37:23 [INFO] PRAGMA main.table_info("pagamento")
2025-06-06 10:37:23 [INFO] [raw sql] ()
2025-06-06 10:37:23 [INFO] COMMIT
2025-06-06 10:38:33 [INFO] BEGIN (implicit)
2025-06-06 10:38:33 [INFO] SELECT filme.id, filme.titulo, filme.ano, filme.duracao, filme.classificacao, filme.sinopse 
FROM filme
2025-06-06 10:38:33 [INFO] [generated in 0.00143s] ()
2025-06-06 10:38:33 [INFO] ROLLBACK
2025-06-06 10:38:58 [INFO] BEGIN (implicit)
2025-06-06 10:38:58 [INFO] SELECT filme.id, filme.titulo, filme.ano, filme.duracao, filme.classificacao, filme.sinopse 
FROM filme JOIN filmecategorialink AS filmecategorialink_1 ON filme.id = filmecategorialink_1.filme_id JOIN categoria ON categoria.id = filmecategorialink_1.categoria_id 
WHERE categoria.id = ?
 LIMIT ? OFFSET ?
2025-06-06 10:38:58 [INFO] [generated in 0.00108s] (1, 10, 0)
2025-06-06 10:38:58 [INFO] SELECT categoria.id AS categoria_id, categoria.nome AS categoria_nome, categoria.descricao AS categoria_descricao 
FROM categoria, filmecategorialink 
WHERE ? = filmecategorialink.filme_id AND categoria.id = filmecategorialink.categoria_id
2025-06-06 10:38:58 [INFO] [generated in 0.00129s] (1,)
2025-06-06 10:38:58 [INFO] ROLLBACK
2025-06-06 10:39:32 [INFO] BEGIN (implicit)
2025-06-06 10:39:32 [INFO] PRAGMA main.table_info("filmecategorialink")
2025-06-06 10:39:32 [INFO] [raw sql] ()
2025-06-06 10:39:32 [INFO] PRAGMA main.table_info("categoria")
2025-06-06 10:39:32 [INFO] [raw sql] ()
2025-06-06 10:39:32 [INFO] PRAGMA main.table_info("filme")
2025-06-06 10:39:32 [INFO] [raw sql] ()
2025-06-06 10:39:32 [INFO] PRAGMA main.table_info("cliente")
2025-06-06 10:39:32 [INFO] [raw sql] ()
2025-06-06 10:39:32 [INFO] PRAGMA main.table_info("locacaofilmelink")
2025-06-06 10:39:32 [INFO] [raw sql] ()
2025-06-06 10:39:32 [INFO] PRAGMA main.table_info("locacao")
2025-06-06 10:39:32 [INFO] [raw sql] ()
2025-06-06 10:39:32 [INFO] PRAGMA main.table_info("pagamento")
2025-06-06 10:39:32 [INFO] [raw sql] ()
2025-06-06 10:39:32 [INFO] COMMIT
2025-06-06 10:39:39 [INFO] BEGIN (implicit)
2025-06-06 10:39:39 [INFO] PRAGMA main.table_info("filmecategorialink")
2025-06-06 10:39:39 [INFO] [raw sql] ()
2025-06-06 10:39:39 [INFO] PRAGMA main.table_info("categoria")
2025-06-06 10:39:39 [INFO] [raw sql] ()
2025-06-06 10:39:39 [INFO] PRAGMA main.table_info("filme")
2025-06-06 10:39:39 [INFO] [raw sql] ()
2025-06-06 10:39:39 [INFO] PRAGMA main.table_info("cliente")
2025-06-06 10:39:39 [INFO] [raw sql] ()
2025-06-06 10:39:39 [INFO] PRAGMA main.table_info("locacaofilmelink")
2025-06-06 10:39:39 [INFO] [raw sql] ()
2025-06-06 10:39:39 [INFO] PRAGMA main.table_info("locacao")
2025-06-06 10:39:39 [INFO] [raw sql] ()
2025-06-06 10:39:39 [INFO] PRAGMA main.table_info("pagamento")
2025-06-06 10:39:39 [INFO] [raw sql] ()
2025-06-06 10:39:39 [INFO] COMMIT
2025-06-06 10:39:50 [INFO] BEGIN (implicit)
2025-06-06 10:39:50 [INFO] PRAGMA main.table_info("filmecategorialink")
2025-06-06 10:39:50 [INFO] [raw sql] ()
2025-06-06 10:39:50 [INFO] PRAGMA main.table_info("categoria")
2025-06-06 10:39:50 [INFO] [raw sql] ()
2025-06-06 10:39:50 [INFO] PRAGMA main.table_info("filme")
2025-06-06 10:39:50 [INFO] [raw sql] ()
2025-06-06 10:39:50 [INFO] PRAGMA main.table_info("cliente")
2025-06-06 10:39:50 [INFO] [raw sql] ()
2025-06-06 10:39:50 [INFO] PRAGMA main.table_info("locacaofilmelink")
2025-06-06 10:39:50 [INFO] [raw sql] ()
2025-06-06 10:39:50 [INFO] PRAGMA main.table_info("locacao")
2025-06-06 10:39:50 [INFO] [raw sql] ()
2025-06-06 10:39:50 [INFO] PRAGMA main.table_info("pagamento")
2025-06-06 10:39:50 [INFO] [raw sql] ()
2025-06-06 10:39:50 [INFO] COMMIT
2025-06-06 10:39:55 [INFO] BEGIN (implicit)
2025-06-06 10:39:55 [INFO] PRAGMA main.table_info("filmecategorialink")
2025-06-06 10:39:55 [INFO] [raw sql] ()
2025-06-06 10:39:55 [INFO] PRAGMA main.table_info("categoria")
2025-06-06 10:39:55 [INFO] [raw sql] ()
2025-06-06 10:39:55 [INFO] PRAGMA main.table_info("filme")
2025-06-06 10:39:55 [INFO] [raw sql] ()
2025-06-06 10:39:55 [INFO] PRAGMA main.table_info("cliente")
2025-06-06 10:39:55 [INFO] [raw sql] ()
2025-06-06 10:39:55 [INFO] PRAGMA main.table_info("locacaofilmelink")
2025-06-06 10:39:55 [INFO] [raw sql] ()
2025-06-06 10:39:55 [INFO] PRAGMA main.table_info("locacao")
2025-06-06 10:39:55 [INFO] [raw sql] ()
2025-06-06 10:39:55 [INFO] PRAGMA main.table_info("pagamento")
2025-06-06 10:39:55 [INFO] [raw sql] ()
2025-06-06 10:39:55 [INFO] COMMIT
2025-06-06 10:40:00 [INFO] BEGIN (implicit)
2025-06-06 10:40:00 [INFO] PRAGMA main.table_info("filmecategorialink")
2025-06-06 10:40:00 [INFO] [raw sql] ()
2025-06-06 10:40:00 [INFO] PRAGMA main.table_info("categoria")
2025-06-06 10:40:00 [INFO] [raw sql] ()
2025-06-06 10:40:00 [INFO] PRAGMA main.table_info("filme")
2025-06-06 10:40:00 [INFO] [raw sql] ()
2025-06-06 10:40:00 [INFO] PRAGMA main.table_info("cliente")
2025-06-06 10:40:00 [INFO] [raw sql] ()
2025-06-06 10:40:00 [INFO] PRAGMA main.table_info("locacaofilmelink")
2025-06-06 10:40:00 [INFO] [raw sql] ()
2025-06-06 10:40:00 [INFO] PRAGMA main.table_info("locacao")
2025-06-06 10:40:00 [INFO] [raw sql] ()
2025-06-06 10:40:00 [INFO] PRAGMA main.table_info("pagamento")
2025-06-06 10:40:00 [INFO] [raw sql] ()
2025-06-06 10:40:00 [INFO] COMMIT
2025-06-06 10:40:21 [INFO] BEGIN (implicit)
2025-06-06 10:40:21 [INFO] PRAGMA main.table_info("filmecategorialink")
2025-06-06 10:40:21 [INFO] [raw sql] ()
2025-06-06 10:40:21 [INFO] PRAGMA main.table_info("categoria")
2025-06-06 10:40:21 [INFO] [raw sql] ()
2025-06-06 10:40:21 [INFO] PRAGMA main.table_info("filme")
2025-06-06 10:40:21 [INFO] [raw sql] ()
2025-06-06 10:40:21 [INFO] PRAGMA main.table_info("cliente")
2025-06-06 10:40:21 [INFO] [raw sql] ()
2025-06-06 10:40:21 [INFO] PRAGMA main.table_info("locacaofilmelink")
2025-06-06 10:40:21 [INFO] [raw sql] ()
2025-06-06 10:40:21 [INFO] PRAGMA main.table_info("locacao")
2025-06-06 10:40:21 [INFO] [raw sql] ()
2025-06-06 10:40:21 [INFO] PRAGMA main.table_info("pagamento")
2025-06-06 10:40:21 [INFO] [raw sql] ()
2025-06-06 10:40:21 [INFO] COMMIT
2025-06-06 10:40:38 [INFO] BEGIN (implicit)
2025-06-06 10:40:38 [INFO] PRAGMA main.table_info("filmecategorialink")
2025-06-06 10:40:38 [INFO] [raw sql] ()
2025-06-06 10:40:38 [INFO] PRAGMA main.table_info("categoria")
2025-06-06 10:40:38 [INFO] [raw sql] ()
2025-06-06 10:40:38 [INFO] PRAGMA main.table_info("filme")
2025-06-06 10:40:38 [INFO] [raw sql] ()
2025-06-06 10:40:38 [INFO] PRAGMA main.table_info("cliente")
2025-06-06 10:40:38 [INFO] [raw sql] ()
2025-06-06 10:40:38 [INFO] PRAGMA main.table_info("locacaofilmelink")
2025-06-06 10:40:38 [INFO] [raw sql] ()
2025-06-06 10:40:38 [INFO] PRAGMA main.table_info("locacao")
2025-06-06 10:40:38 [INFO] [raw sql] ()
2025-06-06 10:40:38 [INFO] PRAGMA main.table_info("pagamento")
2025-06-06 10:40:38 [INFO] [raw sql] ()
2025-06-06 10:40:38 [INFO] COMMIT
2025-06-06 10:40:48 [INFO] BEGIN (implicit)
2025-06-06 10:40:48 [INFO] PRAGMA main.table_info("filmecategorialink")
2025-06-06 10:40:48 [INFO] [raw sql] ()
2025-06-06 10:40:48 [INFO] PRAGMA main.table_info("categoria")
2025-06-06 10:40:48 [INFO] [raw sql] ()
2025-06-06 10:40:48 [INFO] PRAGMA main.table_info("filme")
2025-06-06 10:40:48 [INFO] [raw sql] ()
2025-06-06 10:40:48 [INFO] PRAGMA main.table_info("cliente")
2025-06-06 10:40:48 [INFO] [raw sql] ()
2025-06-06 10:40:48 [INFO] PRAGMA main.table_info("locacaofilmelink")
2025-06-06 10:40:48 [INFO] [raw sql] ()
2025-06-06 10:40:48 [INFO] PRAGMA main.table_info("locacao")
2025-06-06 10:40:48 [INFO] [raw sql] ()
2025-06-06 10:40:48 [INFO] PRAGMA main.table_info("pagamento")
2025-06-06 10:40:48 [INFO] [raw sql] ()
2025-06-06 10:40:48 [INFO] COMMIT
2025-06-06 10:40:52 [INFO] BEGIN (implicit)
2025-06-06 10:40:52 [INFO] PRAGMA main.table_info("filmecategorialink")
2025-06-06 10:40:52 [INFO] [raw sql] ()
2025-06-06 10:40:52 [INFO] PRAGMA main.table_info("categoria")
2025-06-06 10:40:52 [INFO] [raw sql] ()
2025-06-06 10:40:52 [INFO] PRAGMA main.table_info("filme")
2025-06-06 10:40:52 [INFO] [raw sql] ()
2025-06-06 10:40:52 [INFO] PRAGMA main.table_info("cliente")
2025-06-06 10:40:52 [INFO] [raw sql] ()
2025-06-06 10:40:52 [INFO] PRAGMA main.table_info("locacaofilmelink")
2025-06-06 10:40:52 [INFO] [raw sql] ()
2025-06-06 10:40:52 [INFO] PRAGMA main.table_info("locacao")
2025-06-06 10:40:52 [INFO] [raw sql] ()
2025-06-06 10:40:52 [INFO] PRAGMA main.table_info("pagamento")
2025-06-06 10:40:52 [INFO] [raw sql] ()
2025-06-06 10:40:52 [INFO] COMMIT
2025-06-06 10:40:54 [INFO] BEGIN (implicit)
2025-06-06 10:40:54 [INFO] PRAGMA main.table_info("filmecategorialink")
2025-06-06 10:40:54 [INFO] [raw sql] ()
2025-06-06 10:40:54 [INFO] PRAGMA main.table_info("categoria")
2025-06-06 10:40:54 [INFO] [raw sql] ()
2025-06-06 10:40:54 [INFO] PRAGMA main.table_info("filme")
2025-06-06 10:40:54 [INFO] [raw sql] ()
2025-06-06 10:40:54 [INFO] PRAGMA main.table_info("cliente")
2025-06-06 10:40:54 [INFO] [raw sql] ()
2025-06-06 10:40:54 [INFO] PRAGMA main.table_info("locacaofilmelink")
2025-06-06 10:40:54 [INFO] [raw sql] ()
2025-06-06 10:40:54 [INFO] PRAGMA main.table_info("locacao")
2025-06-06 10:40:54 [INFO] [raw sql] ()
2025-06-06 10:40:54 [INFO] PRAGMA main.table_info("pagamento")
2025-06-06 10:40:54 [INFO] [raw sql] ()
2025-06-06 10:40:54 [INFO] COMMIT
2025-06-06 10:41:35 [INFO] BEGIN (implicit)
2025-06-06 10:41:35 [INFO] PRAGMA main.table_info("filmecategorialink")
2025-06-06 10:41:35 [INFO] [raw sql] ()
2025-06-06 10:41:35 [INFO] PRAGMA main.table_info("categoria")
2025-06-06 10:41:35 [INFO] [raw sql] ()
2025-06-06 10:41:35 [INFO] PRAGMA main.table_info("filme")
2025-06-06 10:41:35 [INFO] [raw sql] ()
2025-06-06 10:41:35 [INFO] PRAGMA main.table_info("cliente")
2025-06-06 10:41:35 [INFO] [raw sql] ()
2025-06-06 10:41:35 [INFO] PRAGMA main.table_info("locacaofilmelink")
2025-06-06 10:41:35 [INFO] [raw sql] ()
2025-06-06 10:41:35 [INFO] PRAGMA main.table_info("locacao")
2025-06-06 10:41:35 [INFO] [raw sql] ()
2025-06-06 10:41:35 [INFO] PRAGMA main.table_info("pagamento")
2025-06-06 10:41:35 [INFO] [raw sql] ()
2025-06-06 10:41:35 [INFO] COMMIT
2025-06-06 10:41:39 [INFO] BEGIN (implicit)
2025-06-06 10:41:39 [INFO] PRAGMA main.table_info("filmecategorialink")
2025-06-06 10:41:39 [INFO] [raw sql] ()
2025-06-06 10:41:39 [INFO] PRAGMA main.table_info("categoria")
2025-06-06 10:41:39 [INFO] [raw sql] ()
2025-06-06 10:41:39 [INFO] PRAGMA main.table_info("filme")
2025-06-06 10:41:39 [INFO] [raw sql] ()
2025-06-06 10:41:39 [INFO] PRAGMA main.table_info("cliente")
2025-06-06 10:41:39 [INFO] [raw sql] ()
2025-06-06 10:41:39 [INFO] PRAGMA main.table_info("locacaofilmelink")
2025-06-06 10:41:39 [INFO] [raw sql] ()
2025-06-06 10:41:39 [INFO] PRAGMA main.table_info("locacao")
2025-06-06 10:41:39 [INFO] [raw sql] ()
2025-06-06 10:41:39 [INFO] PRAGMA main.table_info("pagamento")
2025-06-06 10:41:39 [INFO] [raw sql] ()
2025-06-06 10:41:39 [INFO] COMMIT
2025-06-06 10:41:41 [INFO] BEGIN (implicit)
2025-06-06 10:41:41 [INFO] PRAGMA main.table_info("filmecategorialink")
2025-06-06 10:41:41 [INFO] [raw sql] ()
2025-06-06 10:41:41 [INFO] PRAGMA main.table_info("categoria")
2025-06-06 10:41:41 [INFO] [raw sql] ()
2025-06-06 10:41:41 [INFO] PRAGMA main.table_info("filme")
2025-06-06 10:41:41 [INFO] [raw sql] ()
2025-06-06 10:41:41 [INFO] PRAGMA main.table_info("cliente")
2025-06-06 10:41:41 [INFO] [raw sql] ()
2025-06-06 10:41:41 [INFO] PRAGMA main.table_info("locacaofilmelink")
2025-06-06 10:41:41 [INFO] [raw sql] ()
2025-06-06 10:41:41 [INFO] PRAGMA main.table_info("locacao")
2025-06-06 10:41:41 [INFO] [raw sql] ()
2025-06-06 10:41:41 [INFO] PRAGMA main.table_info("pagamento")
2025-06-06 10:41:41 [INFO] [raw sql] ()
2025-06-06 10:41:41 [INFO] COMMIT
2025-06-06 10:41:55 [INFO] BEGIN (implicit)
2025-06-06 10:41:55 [INFO] PRAGMA main.table_info("filmecategorialink")
2025-06-06 10:41:55 [INFO] [raw sql] ()
2025-06-06 10:41:55 [INFO] PRAGMA main.table_info("categoria")
2025-06-06 10:41:55 [INFO] [raw sql] ()
2025-06-06 10:41:55 [INFO] PRAGMA main.table_info("filme")
2025-06-06 10:41:55 [INFO] [raw sql] ()
2025-06-06 10:41:55 [INFO] PRAGMA main.table_info("cliente")
2025-06-06 10:41:55 [INFO] [raw sql] ()
2025-06-06 10:41:55 [INFO] PRAGMA main.table_info("locacaofilmelink")
2025-06-06 10:41:55 [INFO] [raw sql] ()
2025-06-06 10:41:55 [INFO] PRAGMA main.table_info("locacao")
2025-06-06 10:41:55 [INFO] [raw sql] ()
2025-06-06 10:41:55 [INFO] PRAGMA main.table_info("pagamento")
2025-06-06 10:41:55 [INFO] [raw sql] ()
2025-06-06 10:41:55 [INFO] COMMIT
2025-06-06 10:42:00 [INFO] BEGIN (implicit)
2025-06-06 10:42:00 [INFO] PRAGMA main.table_info("filmecategorialink")
2025-06-06 10:42:00 [INFO] [raw sql] ()
2025-06-06 10:42:00 [INFO] PRAGMA main.table_info("categoria")
2025-06-06 10:42:00 [INFO] [raw sql] ()
2025-06-06 10:42:00 [INFO] PRAGMA main.table_info("filme")
2025-06-06 10:42:00 [INFO] [raw sql] ()
2025-06-06 10:42:00 [INFO] PRAGMA main.table_info("cliente")
2025-06-06 10:42:00 [INFO] [raw sql] ()
2025-06-06 10:42:00 [INFO] PRAGMA main.table_info("locacaofilmelink")
2025-06-06 10:42:00 [INFO] [raw sql] ()
2025-06-06 10:42:00 [INFO] PRAGMA main.table_info("locacao")
2025-06-06 10:42:00 [INFO] [raw sql] ()
2025-06-06 10:42:00 [INFO] PRAGMA main.table_info("pagamento")
2025-06-06 10:42:00 [INFO] [raw sql] ()
2025-06-06 10:42:00 [INFO] COMMIT
2025-06-06 10:42:04 [INFO] BEGIN (implicit)
2025-06-06 10:42:04 [INFO] PRAGMA main.table_info("filmecategorialink")
2025-06-06 10:42:04 [INFO] [raw sql] ()
2025-06-06 10:42:04 [INFO] PRAGMA main.table_info("categoria")
2025-06-06 10:42:04 [INFO] [raw sql] ()
2025-06-06 10:42:04 [INFO] PRAGMA main.table_info("filme")
2025-06-06 10:42:04 [INFO] [raw sql] ()
2025-06-06 10:42:04 [INFO] PRAGMA main.table_info("cliente")
2025-06-06 10:42:04 [INFO] [raw sql] ()
2025-06-06 10:42:04 [INFO] PRAGMA main.table_info("locacaofilmelink")
2025-06-06 10:42:04 [INFO] [raw sql] ()
2025-06-06 10:42:04 [INFO] PRAGMA main.table_info("locacao")
2025-06-06 10:42:04 [INFO] [raw sql] ()
2025-06-06 10:42:04 [INFO] PRAGMA main.table_info("pagamento")
2025-06-06 10:42:04 [INFO] [raw sql] ()
2025-06-06 10:42:04 [INFO] COMMIT
2025-06-06 10:42:06 [INFO] BEGIN (implicit)
2025-06-06 10:42:06 [INFO] PRAGMA main.table_info("filmecategorialink")
2025-06-06 10:42:06 [INFO] [raw sql] ()
2025-06-06 10:42:06 [INFO] PRAGMA main.table_info("categoria")
2025-06-06 10:42:06 [INFO] [raw sql] ()
2025-06-06 10:42:06 [INFO] PRAGMA main.table_info("filme")
2025-06-06 10:42:06 [INFO] [raw sql] ()
2025-06-06 10:42:06 [INFO] PRAGMA main.table_info("cliente")
2025-06-06 10:42:06 [INFO] [raw sql] ()
2025-06-06 10:42:06 [INFO] PRAGMA main.table_info("locacaofilmelink")
2025-06-06 10:42:06 [INFO] [raw sql] ()
2025-06-06 10:42:06 [INFO] PRAGMA main.table_info("locacao")
2025-06-06 10:42:06 [INFO] [raw sql] ()
2025-06-06 10:42:06 [INFO] PRAGMA main.table_info("pagamento")
2025-06-06 10:42:06 [INFO] [raw sql] ()
2025-06-06 10:42:06 [INFO] COMMIT
2025-06-06 10:42:10 [INFO] BEGIN (implicit)
2025-06-06 10:42:10 [INFO] PRAGMA main.table_info("filmecategorialink")
2025-06-06 10:42:10 [INFO] [raw sql] ()
2025-06-06 10:42:10 [INFO] PRAGMA main.table_info("categoria")
2025-06-06 10:42:10 [INFO] [raw sql] ()
2025-06-06 10:42:10 [INFO] PRAGMA main.table_info("filme")
2025-06-06 10:42:10 [INFO] [raw sql] ()
2025-06-06 10:42:10 [INFO] PRAGMA main.table_info("cliente")
2025-06-06 10:42:10 [INFO] [raw sql] ()
2025-06-06 10:42:10 [INFO] PRAGMA main.table_info("locacaofilmelink")
2025-06-06 10:42:10 [INFO] [raw sql] ()
2025-06-06 10:42:10 [INFO] PRAGMA main.table_info("locacao")
2025-06-06 10:42:10 [INFO] [raw sql] ()
2025-06-06 10:42:10 [INFO] PRAGMA main.table_info("pagamento")
2025-06-06 10:42:10 [INFO] [raw sql] ()
2025-06-06 10:42:10 [INFO] COMMIT
2025-06-06 10:42:16 [INFO] BEGIN (implicit)
2025-06-06 10:42:16 [INFO] PRAGMA main.table_info("filmecategorialink")
2025-06-06 10:42:16 [INFO] [raw sql] ()
2025-06-06 10:42:16 [INFO] PRAGMA main.table_info("categoria")
2025-06-06 10:42:16 [INFO] [raw sql] ()
2025-06-06 10:42:16 [INFO] PRAGMA main.table_info("filme")
2025-06-06 10:42:16 [INFO] [raw sql] ()
2025-06-06 10:42:16 [INFO] PRAGMA main.table_info("cliente")
2025-06-06 10:42:16 [INFO] [raw sql] ()
2025-06-06 10:42:16 [INFO] PRAGMA main.table_info("locacaofilmelink")
2025-06-06 10:42:16 [INFO] [raw sql] ()
2025-06-06 10:42:16 [INFO] PRAGMA main.table_info("locacao")
2025-06-06 10:42:16 [INFO] [raw sql] ()
2025-06-06 10:42:16 [INFO] PRAGMA main.table_info("pagamento")
2025-06-06 10:42:16 [INFO] [raw sql] ()
2025-06-06 10:42:16 [INFO] COMMIT
2025-06-06 10:42:22 [INFO] BEGIN (implicit)
2025-06-06 10:42:22 [INFO] PRAGMA main.table_info("filmecategorialink")
2025-06-06 10:42:22 [INFO] [raw sql] ()
2025-06-06 10:42:22 [INFO] PRAGMA main.table_info("categoria")
2025-06-06 10:42:22 [INFO] [raw sql] ()
2025-06-06 10:42:22 [INFO] PRAGMA main.table_info("filme")
2025-06-06 10:42:22 [INFO] [raw sql] ()
2025-06-06 10:42:22 [INFO] PRAGMA main.table_info("cliente")
2025-06-06 10:42:22 [INFO] [raw sql] ()
2025-06-06 10:42:22 [INFO] PRAGMA main.table_info("locacaofilmelink")
2025-06-06 10:42:22 [INFO] [raw sql] ()
2025-06-06 10:42:22 [INFO] PRAGMA main.table_info("locacao")
2025-06-06 10:42:22 [INFO] [raw sql] ()
2025-06-06 10:42:22 [INFO] PRAGMA main.table_info("pagamento")
2025-06-06 10:42:22 [INFO] [raw sql] ()
2025-06-06 10:42:22 [INFO] COMMIT
2025-06-06 10:42:26 [INFO] BEGIN (implicit)
2025-06-06 10:42:26 [INFO] PRAGMA main.table_info("filmecategorialink")
2025-06-06 10:42:26 [INFO] [raw sql] ()
2025-06-06 10:42:26 [INFO] PRAGMA main.table_info("categoria")
2025-06-06 10:42:26 [INFO] [raw sql] ()
2025-06-06 10:42:26 [INFO] PRAGMA main.table_info("filme")
2025-06-06 10:42:26 [INFO] [raw sql] ()
2025-06-06 10:42:26 [INFO] PRAGMA main.table_info("cliente")
2025-06-06 10:42:26 [INFO] [raw sql] ()
2025-06-06 10:42:26 [INFO] PRAGMA main.table_info("locacaofilmelink")
2025-06-06 10:42:26 [INFO] [raw sql] ()
2025-06-06 10:42:26 [INFO] PRAGMA main.table_info("locacao")
2025-06-06 10:42:26 [INFO] [raw sql] ()
2025-06-06 10:42:26 [INFO] PRAGMA main.table_info("pagamento")
2025-06-06 10:42:26 [INFO] [raw sql] ()
2025-06-06 10:42:26 [INFO] COMMIT
2025-06-06 10:42:41 [INFO] BEGIN (implicit)
2025-06-06 10:42:41 [INFO] PRAGMA main.table_info("filmecategorialink")
2025-06-06 10:42:41 [INFO] [raw sql] ()
2025-06-06 10:42:41 [INFO] PRAGMA main.table_info("categoria")
2025-06-06 10:42:41 [INFO] [raw sql] ()
2025-06-06 10:42:41 [INFO] PRAGMA main.table_info("filme")
2025-06-06 10:42:41 [INFO] [raw sql] ()
2025-06-06 10:42:41 [INFO] PRAGMA main.table_info("cliente")
2025-06-06 10:42:41 [INFO] [raw sql] ()
2025-06-06 10:42:41 [INFO] PRAGMA main.table_info("locacaofilmelink")
2025-06-06 10:42:41 [INFO] [raw sql] ()
2025-06-06 10:42:41 [INFO] PRAGMA main.table_info("locacao")
2025-06-06 10:42:41 [INFO] [raw sql] ()
2025-06-06 10:42:41 [INFO] PRAGMA main.table_info("pagamento")
2025-06-06 10:42:41 [INFO] [raw sql] ()
2025-06-06 10:42:41 [INFO] COMMIT
2025-06-06 10:42:50 [INFO] BEGIN (implicit)
2025-06-06 10:42:50 [INFO] PRAGMA main.table_info("filmecategorialink")
2025-06-06 10:42:50 [INFO] [raw sql] ()
2025-06-06 10:42:50 [INFO] PRAGMA main.table_info("categoria")
2025-06-06 10:42:50 [INFO] [raw sql] ()
2025-06-06 10:42:50 [INFO] PRAGMA main.table_info("filme")
2025-06-06 10:42:50 [INFO] [raw sql] ()
2025-06-06 10:42:50 [INFO] PRAGMA main.table_info("cliente")
2025-06-06 10:42:50 [INFO] [raw sql] ()
2025-06-06 10:42:50 [INFO] PRAGMA main.table_info("locacaofilmelink")
2025-06-06 10:42:50 [INFO] [raw sql] ()
2025-06-06 10:42:50 [INFO] PRAGMA main.table_info("locacao")
2025-06-06 10:42:50 [INFO] [raw sql] ()
2025-06-06 10:42:50 [INFO] PRAGMA main.table_info("pagamento")
2025-06-06 10:42:50 [INFO] [raw sql] ()
2025-06-06 10:42:50 [INFO] COMMIT
2025-06-06 10:42:55 [INFO] BEGIN (implicit)
2025-06-06 10:42:55 [INFO] PRAGMA main.table_info("filmecategorialink")
2025-06-06 10:42:55 [INFO] [raw sql] ()
2025-06-06 10:42:55 [INFO] PRAGMA main.table_info("categoria")
2025-06-06 10:42:55 [INFO] [raw sql] ()
2025-06-06 10:42:55 [INFO] PRAGMA main.table_info("filme")
2025-06-06 10:42:55 [INFO] [raw sql] ()
2025-06-06 10:42:55 [INFO] PRAGMA main.table_info("cliente")
2025-06-06 10:42:55 [INFO] [raw sql] ()
2025-06-06 10:42:55 [INFO] PRAGMA main.table_info("locacaofilmelink")
2025-06-06 10:42:55 [INFO] [raw sql] ()
2025-06-06 10:42:55 [INFO] PRAGMA main.table_info("locacao")
2025-06-06 10:42:55 [INFO] [raw sql] ()
2025-06-06 10:42:55 [INFO] PRAGMA main.table_info("pagamento")
2025-06-06 10:42:55 [INFO] [raw sql] ()
2025-06-06 10:42:55 [INFO] COMMIT
2025-06-06 10:43:02 [INFO] BEGIN (implicit)
2025-06-06 10:43:02 [INFO] PRAGMA main.table_info("filmecategorialink")
2025-06-06 10:43:02 [INFO] [raw sql] ()
2025-06-06 10:43:02 [INFO] PRAGMA main.table_info("categoria")
2025-06-06 10:43:02 [INFO] [raw sql] ()
2025-06-06 10:43:02 [INFO] PRAGMA main.table_info("filme")
2025-06-06 10:43:02 [INFO] [raw sql] ()
2025-06-06 10:43:02 [INFO] PRAGMA main.table_info("cliente")
2025-06-06 10:43:02 [INFO] [raw sql] ()
2025-06-06 10:43:02 [INFO] PRAGMA main.table_info("locacaofilmelink")
2025-06-06 10:43:02 [INFO] [raw sql] ()
2025-06-06 10:43:02 [INFO] PRAGMA main.table_info("locacao")
2025-06-06 10:43:02 [INFO] [raw sql] ()
2025-06-06 10:43:02 [INFO] PRAGMA main.table_info("pagamento")
2025-06-06 10:43:02 [INFO] [raw sql] ()
2025-06-06 10:43:02 [INFO] COMMIT
2025-06-06 10:43:04 [INFO] BEGIN (implicit)
2025-06-06 10:43:04 [INFO] PRAGMA main.table_info("filmecategorialink")
2025-06-06 10:43:04 [INFO] [raw sql] ()
2025-06-06 10:43:04 [INFO] PRAGMA main.table_info("categoria")
2025-06-06 10:43:04 [INFO] [raw sql] ()
2025-06-06 10:43:04 [INFO] PRAGMA main.table_info("filme")
2025-06-06 10:43:04 [INFO] [raw sql] ()
2025-06-06 10:43:04 [INFO] PRAGMA main.table_info("cliente")
2025-06-06 10:43:04 [INFO] [raw sql] ()
2025-06-06 10:43:04 [INFO] PRAGMA main.table_info("locacaofilmelink")
2025-06-06 10:43:04 [INFO] [raw sql] ()
2025-06-06 10:43:04 [INFO] PRAGMA main.table_info("locacao")
2025-06-06 10:43:04 [INFO] [raw sql] ()
2025-06-06 10:43:04 [INFO] PRAGMA main.table_info("pagamento")
2025-06-06 10:43:04 [INFO] [raw sql] ()
2025-06-06 10:43:04 [INFO] COMMIT
2025-06-06 10:43:08 [INFO] BEGIN (implicit)
2025-06-06 10:43:08 [INFO] PRAGMA main.table_info("filmecategorialink")
2025-06-06 10:43:08 [INFO] [raw sql] ()
2025-06-06 10:43:08 [INFO] PRAGMA main.table_info("categoria")
2025-06-06 10:43:08 [INFO] [raw sql] ()
2025-06-06 10:43:08 [INFO] PRAGMA main.table_info("filme")
2025-06-06 10:43:08 [INFO] [raw sql] ()
2025-06-06 10:43:08 [INFO] PRAGMA main.table_info("cliente")
2025-06-06 10:43:08 [INFO] [raw sql] ()
2025-06-06 10:43:08 [INFO] PRAGMA main.table_info("locacaofilmelink")
2025-06-06 10:43:08 [INFO] [raw sql] ()
2025-06-06 10:43:08 [INFO] PRAGMA main.table_info("locacao")
2025-06-06 10:43:08 [INFO] [raw sql] ()
2025-06-06 10:43:08 [INFO] PRAGMA main.table_info("pagamento")
2025-06-06 10:43:08 [INFO] [raw sql] ()
2025-06-06 10:43:08 [INFO] COMMIT
2025-06-06 10:43:47 [INFO] BEGIN (implicit)
2025-06-06 10:43:47 [INFO] PRAGMA main.table_info("filmecategorialink")
2025-06-06 10:43:47 [INFO] [raw sql] ()
2025-06-06 10:43:47 [INFO] PRAGMA main.table_info("categoria")
2025-06-06 10:43:47 [INFO] [raw sql] ()
2025-06-06 10:43:47 [INFO] PRAGMA main.table_info("filme")
2025-06-06 10:43:47 [INFO] [raw sql] ()
2025-06-06 10:43:47 [INFO] PRAGMA main.table_info("cliente")
2025-06-06 10:43:47 [INFO] [raw sql] ()
2025-06-06 10:43:47 [INFO] PRAGMA main.table_info("locacaofilmelink")
2025-06-06 10:43:47 [INFO] [raw sql] ()
2025-06-06 10:43:47 [INFO] PRAGMA main.table_info("locacao")
2025-06-06 10:43:47 [INFO] [raw sql] ()
2025-06-06 10:43:47 [INFO] PRAGMA main.table_info("pagamento")
2025-06-06 10:43:47 [INFO] [raw sql] ()
2025-06-06 10:43:47 [INFO] COMMIT
2025-06-06 10:43:53 [INFO] BEGIN (implicit)
2025-06-06 10:43:53 [INFO] PRAGMA main.table_info("filmecategorialink")
2025-06-06 10:43:53 [INFO] [raw sql] ()
2025-06-06 10:43:53 [INFO] PRAGMA main.table_info("categoria")
2025-06-06 10:43:53 [INFO] [raw sql] ()
2025-06-06 10:43:53 [INFO] PRAGMA main.table_info("filme")
2025-06-06 10:43:53 [INFO] [raw sql] ()
2025-06-06 10:43:53 [INFO] PRAGMA main.table_info("cliente")
2025-06-06 10:43:53 [INFO] [raw sql] ()
2025-06-06 10:43:53 [INFO] PRAGMA main.table_info("locacaofilmelink")
2025-06-06 10:43:53 [INFO] [raw sql] ()
2025-06-06 10:43:53 [INFO] PRAGMA main.table_info("locacao")
2025-06-06 10:43:53 [INFO] [raw sql] ()
2025-06-06 10:43:53 [INFO] PRAGMA main.table_info("pagamento")
2025-06-06 10:43:53 [INFO] [raw sql] ()
2025-06-06 10:43:53 [INFO] COMMIT
2025-06-06 10:44:03 [INFO] BEGIN (implicit)
2025-06-06 10:44:03 [INFO] SELECT pagamento.id, pagamento.locacao_id, pagamento.data_pagamento, pagamento.valor_pago, pagamento.forma_pagamento, pagamento.status 
FROM pagamento
2025-06-06 10:44:03 [INFO] [generated in 0.00061s] ()
2025-06-06 10:44:03 [INFO] ROLLBACK
2025-06-06 10:44:24 [INFO] BEGIN (implicit)
2025-06-06 10:44:24 [INFO] SELECT locacao.id, locacao.cliente_id, locacao.data_retirada, locacao.data_devolucao, locacao.valor, locacao.status 
FROM locacao
2025-06-06 10:44:24 [INFO] [generated in 0.00064s] ()
2025-06-06 10:44:24 [INFO] ROLLBACK
2025-06-06 10:44:37 [INFO] BEGIN (implicit)
2025-06-06 10:44:37 [INFO] SELECT locacao.id, locacao.cliente_id, locacao.data_retirada, locacao.data_devolucao, locacao.valor, locacao.status 
FROM locacao
 LIMIT ? OFFSET ?
2025-06-06 10:44:37 [INFO] [generated in 0.00091s] (10, 0)
2025-06-06 10:44:37 [INFO] ROLLBACK
2025-06-06 14:05:59 [INFO] BEGIN (implicit)
2025-06-06 14:05:59 [INFO] PRAGMA main.table_info("filmecategorialink")
2025-06-06 14:05:59 [INFO] [raw sql] ()
2025-06-06 14:05:59 [INFO] PRAGMA main.table_info("categoria")
2025-06-06 14:05:59 [INFO] [raw sql] ()
2025-06-06 14:05:59 [INFO] PRAGMA main.table_info("filme")
2025-06-06 14:05:59 [INFO] [raw sql] ()
2025-06-06 14:05:59 [INFO] PRAGMA main.table_info("cliente")
2025-06-06 14:05:59 [INFO] [raw sql] ()
2025-06-06 14:05:59 [INFO] PRAGMA main.table_info("locacaofilmelink")
2025-06-06 14:05:59 [INFO] [raw sql] ()
2025-06-06 14:05:59 [INFO] PRAGMA main.table_info("locacao")
2025-06-06 14:05:59 [INFO] [raw sql] ()
2025-06-06 14:05:59 [INFO] PRAGMA main.table_info("pagamento")
2025-06-06 14:05:59 [INFO] [raw sql] ()
2025-06-06 14:05:59 [INFO] COMMIT
2025-06-06 14:06:16 [INFO] BEGIN (implicit)
2025-06-06 14:06:17 [INFO] SELECT filme.id, filme.titulo, filme.ano, filme.duracao, filme.classificacao, filme.sinopse 
FROM filme
 LIMIT ? OFFSET ?
2025-06-06 14:06:17 [INFO] [generated in 0.00137s] (10, 0)
2025-06-06 14:06:17 [INFO] SELECT categoria.id AS categoria_id, categoria.nome AS categoria_nome, categoria.descricao AS categoria_descricao 
FROM categoria, filmecategorialink 
WHERE ? = filmecategorialink.filme_id AND categoria.id = filmecategorialink.categoria_id
2025-06-06 14:06:17 [INFO] [generated in 0.00109s] (1,)
2025-06-06 14:06:17 [INFO] ROLLBACK
2025-06-06 14:06:35 [INFO] BEGIN (implicit)
2025-06-06 14:06:35 [INFO] SELECT locacao.id, locacao.cliente_id, locacao.data_retirada, locacao.data_devolucao, locacao.valor, locacao.status 
FROM locacao
 LIMIT ? OFFSET ?
2025-06-06 14:06:35 [INFO] [generated in 0.00052s] (10, 0)
2025-06-06 14:06:35 [INFO] ROLLBACK
2025-06-06 14:06:59 [INFO] BEGIN (implicit)
2025-06-06 14:06:59 [INFO] SELECT locacao.id, locacao.cliente_id, locacao.data_retirada, locacao.data_devolucao, locacao.valor, locacao.status 
FROM locacao 
WHERE locacao.status = ?
 LIMIT ? OFFSET ?
2025-06-06 14:06:59 [INFO] [generated in 0.00072s] ('ativa', 10, 0)
2025-06-06 14:06:59 [INFO] ROLLBACK
2025-06-06 14:08:05 [INFO] BEGIN (implicit)
2025-06-06 14:08:05 [INFO] PRAGMA main.table_info("filmecategorialink")
2025-06-06 14:08:05 [INFO] [raw sql] ()
2025-06-06 14:08:05 [INFO] PRAGMA main.table_info("categoria")
2025-06-06 14:08:05 [INFO] [raw sql] ()
2025-06-06 14:08:05 [INFO] PRAGMA main.table_info("filme")
2025-06-06 14:08:05 [INFO] [raw sql] ()
2025-06-06 14:08:05 [INFO] PRAGMA main.table_info("cliente")
2025-06-06 14:08:05 [INFO] [raw sql] ()
2025-06-06 14:08:05 [INFO] PRAGMA main.table_info("locacaofilmelink")
2025-06-06 14:08:05 [INFO] [raw sql] ()
2025-06-06 14:08:05 [INFO] PRAGMA main.table_info("locacao")
2025-06-06 14:08:05 [INFO] [raw sql] ()
2025-06-06 14:08:05 [INFO] PRAGMA main.table_info("pagamento")
2025-06-06 14:08:05 [INFO] [raw sql] ()
2025-06-06 14:08:05 [INFO] COMMIT
2025-06-06 14:08:07 [INFO] BEGIN (implicit)
2025-06-06 14:08:07 [INFO] PRAGMA main.table_info("filmecategorialink")
2025-06-06 14:08:07 [INFO] [raw sql] ()
2025-06-06 14:08:07 [INFO] PRAGMA main.table_info("categoria")
2025-06-06 14:08:07 [INFO] [raw sql] ()
2025-06-06 14:08:07 [INFO] PRAGMA main.table_info("filme")
2025-06-06 14:08:07 [INFO] [raw sql] ()
2025-06-06 14:08:07 [INFO] PRAGMA main.table_info("cliente")
2025-06-06 14:08:07 [INFO] [raw sql] ()
2025-06-06 14:08:07 [INFO] PRAGMA main.table_info("locacaofilmelink")
2025-06-06 14:08:07 [INFO] [raw sql] ()
2025-06-06 14:08:07 [INFO] PRAGMA main.table_info("locacao")
2025-06-06 14:08:07 [INFO] [raw sql] ()
2025-06-06 14:08:07 [INFO] PRAGMA main.table_info("pagamento")
2025-06-06 14:08:07 [INFO] [raw sql] ()
2025-06-06 14:08:07 [INFO] COMMIT
2025-06-06 14:08:09 [INFO] BEGIN (implicit)
2025-06-06 14:08:09 [INFO] PRAGMA main.table_info("filmecategorialink")
2025-06-06 14:08:09 [INFO] [raw sql] ()
2025-06-06 14:08:09 [INFO] PRAGMA main.table_info("categoria")
2025-06-06 14:08:09 [INFO] [raw sql] ()
2025-06-06 14:08:09 [INFO] PRAGMA main.table_info("filme")
2025-06-06 14:08:09 [INFO] [raw sql] ()
2025-06-06 14:08:09 [INFO] PRAGMA main.table_info("cliente")
2025-06-06 14:08:09 [INFO] [raw sql] ()
2025-06-06 14:08:09 [INFO] PRAGMA main.table_info("locacaofilmelink")
2025-06-06 14:08:09 [INFO] [raw sql] ()
2025-06-06 14:08:09 [INFO] PRAGMA main.table_info("locacao")
2025-06-06 14:08:09 [INFO] [raw sql] ()
2025-06-06 14:08:09 [INFO] PRAGMA main.table_info("pagamento")
2025-06-06 14:08:09 [INFO] [raw sql] ()
2025-06-06 14:08:09 [INFO] COMMIT
2025-06-06 14:08:12 [INFO] BEGIN (implicit)
2025-06-06 14:08:12 [INFO] PRAGMA main.table_info("filmecategorialink")
2025-06-06 14:08:12 [INFO] [raw sql] ()
2025-06-06 14:08:12 [INFO] PRAGMA main.table_info("categoria")
2025-06-06 14:08:12 [INFO] [raw sql] ()
2025-06-06 14:08:12 [INFO] PRAGMA main.table_info("filme")
2025-06-06 14:08:12 [INFO] [raw sql] ()
2025-06-06 14:08:12 [INFO] PRAGMA main.table_info("cliente")
2025-06-06 14:08:12 [INFO] [raw sql] ()
2025-06-06 14:08:12 [INFO] PRAGMA main.table_info("locacaofilmelink")
2025-06-06 14:08:12 [INFO] [raw sql] ()
2025-06-06 14:08:12 [INFO] PRAGMA main.table_info("locacao")
2025-06-06 14:08:12 [INFO] [raw sql] ()
2025-06-06 14:08:12 [INFO] PRAGMA main.table_info("pagamento")
2025-06-06 14:08:12 [INFO] [raw sql] ()
2025-06-06 14:08:12 [INFO] COMMIT
2025-06-06 14:08:15 [INFO] BEGIN (implicit)
2025-06-06 14:08:15 [INFO] PRAGMA main.table_info("filmecategorialink")
2025-06-06 14:08:15 [INFO] [raw sql] ()
2025-06-06 14:08:15 [INFO] PRAGMA main.table_info("categoria")
2025-06-06 14:08:15 [INFO] [raw sql] ()
2025-06-06 14:08:15 [INFO] PRAGMA main.table_info("filme")
2025-06-06 14:08:15 [INFO] [raw sql] ()
2025-06-06 14:08:15 [INFO] PRAGMA main.table_info("cliente")
2025-06-06 14:08:15 [INFO] [raw sql] ()
2025-06-06 14:08:15 [INFO] PRAGMA main.table_info("locacaofilmelink")
2025-06-06 14:08:15 [INFO] [raw sql] ()
2025-06-06 14:08:15 [INFO] PRAGMA main.table_info("locacao")
2025-06-06 14:08:15 [INFO] [raw sql] ()
2025-06-06 14:08:15 [INFO] PRAGMA main.table_info("pagamento")
2025-06-06 14:08:15 [INFO] [raw sql] ()
2025-06-06 14:08:15 [INFO] COMMIT
2025-06-06 14:09:01 [INFO] BEGIN (implicit)
2025-06-06 14:09:01 [INFO] SELECT locacao.id, locacao.cliente_id, locacao.data_retirada, locacao.data_devolucao, locacao.valor, locacao.status 
FROM locacao 
WHERE locacao.data_retirada >= ? AND locacao.data_retirada <= ?
2025-06-06 14:09:01 [INFO] [generated in 0.00085s] ('2022-01-01', '2026-01-01')
2025-06-06 14:09:01 [INFO] ROLLBACK
2025-06-06 14:09:12 [INFO] BEGIN (implicit)
2025-06-06 14:09:12 [INFO] SELECT cliente.id, cliente.nome, cliente.cpf, cliente.email, cliente.telefone, cliente.endereco 
FROM cliente 
WHERE lower(cliente.nome) LIKE lower(?)
2025-06-06 14:09:12 [INFO] [generated in 0.00055s] ('%Felipe%',)
2025-06-06 14:09:12 [INFO] SELECT locacao.id, locacao.cliente_id, locacao.data_retirada, locacao.data_devolucao, locacao.valor, locacao.status 
FROM locacao 
WHERE locacao.cliente_id IN (?) AND locacao.data_retirada >= ? AND locacao.data_retirada <= ?
2025-06-06 14:09:12 [INFO] [generated in 0.00663s] (1, '2022-01-01', '2026-01-01')
2025-06-06 14:09:12 [INFO] ROLLBACK
2025-06-06 14:09:17 [INFO] BEGIN (implicit)
2025-06-06 14:09:17 [INFO] SELECT cliente.id, cliente.nome, cliente.cpf, cliente.email, cliente.telefone, cliente.endereco 
FROM cliente 
WHERE lower(cliente.nome) LIKE lower(?)
2025-06-06 14:09:17 [INFO] [cached since 4.466s ago] ('%Felipe%',)
2025-06-06 14:09:17 [INFO] SELECT locacao.id, locacao.cliente_id, locacao.data_retirada, locacao.data_devolucao, locacao.valor, locacao.status 
FROM locacao 
WHERE locacao.cliente_id IN (?) AND locacao.data_retirada >= ? AND locacao.data_retirada <= ?
2025-06-06 14:09:17 [INFO] [cached since 4.464s ago] (1, '2022-01-01', '2026-01-01')
2025-06-06 14:09:17 [INFO] ROLLBACK
2025-06-06 14:09:32 [INFO] BEGIN (implicit)
2025-06-06 14:09:32 [INFO] PRAGMA main.table_info("filmecategorialink")
2025-06-06 14:09:32 [INFO] [raw sql] ()
2025-06-06 14:09:32 [INFO] PRAGMA main.table_info("categoria")
2025-06-06 14:09:32 [INFO] [raw sql] ()
2025-06-06 14:09:32 [INFO] PRAGMA main.table_info("filme")
2025-06-06 14:09:32 [INFO] [raw sql] ()
2025-06-06 14:09:32 [INFO] PRAGMA main.table_info("cliente")
2025-06-06 14:09:32 [INFO] [raw sql] ()
2025-06-06 14:09:32 [INFO] PRAGMA main.table_info("locacaofilmelink")
2025-06-06 14:09:32 [INFO] [raw sql] ()
2025-06-06 14:09:32 [INFO] PRAGMA main.table_info("locacao")
2025-06-06 14:09:32 [INFO] [raw sql] ()
2025-06-06 14:09:32 [INFO] PRAGMA main.table_info("pagamento")
2025-06-06 14:09:32 [INFO] [raw sql] ()
2025-06-06 14:09:32 [INFO] COMMIT
2025-06-06 14:09:46 [INFO] BEGIN (implicit)
2025-06-06 14:09:46 [INFO] PRAGMA main.table_info("filmecategorialink")
2025-06-06 14:09:46 [INFO] [raw sql] ()
2025-06-06 14:09:46 [INFO] PRAGMA main.table_info("categoria")
2025-06-06 14:09:46 [INFO] [raw sql] ()
2025-06-06 14:09:46 [INFO] PRAGMA main.table_info("filme")
2025-06-06 14:09:46 [INFO] [raw sql] ()
2025-06-06 14:09:46 [INFO] PRAGMA main.table_info("cliente")
2025-06-06 14:09:46 [INFO] [raw sql] ()
2025-06-06 14:09:46 [INFO] PRAGMA main.table_info("locacaofilmelink")
2025-06-06 14:09:46 [INFO] [raw sql] ()
2025-06-06 14:09:46 [INFO] PRAGMA main.table_info("locacao")
2025-06-06 14:09:46 [INFO] [raw sql] ()
2025-06-06 14:09:46 [INFO] PRAGMA main.table_info("pagamento")
2025-06-06 14:09:46 [INFO] [raw sql] ()
2025-06-06 14:09:46 [INFO] COMMIT
2025-06-06 14:09:52 [INFO] BEGIN (implicit)
2025-06-06 14:09:52 [INFO] PRAGMA main.table_info("filmecategorialink")
2025-06-06 14:09:52 [INFO] [raw sql] ()
2025-06-06 14:09:52 [INFO] PRAGMA main.table_info("categoria")
2025-06-06 14:09:52 [INFO] [raw sql] ()
2025-06-06 14:09:52 [INFO] PRAGMA main.table_info("filme")
2025-06-06 14:09:52 [INFO] [raw sql] ()
2025-06-06 14:09:52 [INFO] PRAGMA main.table_info("cliente")
2025-06-06 14:09:52 [INFO] [raw sql] ()
2025-06-06 14:09:52 [INFO] PRAGMA main.table_info("locacaofilmelink")
2025-06-06 14:09:52 [INFO] [raw sql] ()
2025-06-06 14:09:52 [INFO] PRAGMA main.table_info("locacao")
2025-06-06 14:09:52 [INFO] [raw sql] ()
2025-06-06 14:09:52 [INFO] PRAGMA main.table_info("pagamento")
2025-06-06 14:09:52 [INFO] [raw sql] ()
2025-06-06 14:09:52 [INFO] COMMIT
2025-06-06 14:09:57 [INFO] BEGIN (implicit)
2025-06-06 14:09:57 [INFO] PRAGMA main.table_info("filmecategorialink")
2025-06-06 14:09:57 [INFO] [raw sql] ()
2025-06-06 14:09:57 [INFO] PRAGMA main.table_info("categoria")
2025-06-06 14:09:57 [INFO] [raw sql] ()
2025-06-06 14:09:57 [INFO] PRAGMA main.table_info("filme")
2025-06-06 14:09:57 [INFO] [raw sql] ()
2025-06-06 14:09:57 [INFO] PRAGMA main.table_info("cliente")
2025-06-06 14:09:57 [INFO] [raw sql] ()
2025-06-06 14:09:57 [INFO] PRAGMA main.table_info("locacaofilmelink")
2025-06-06 14:09:57 [INFO] [raw sql] ()
2025-06-06 14:09:57 [INFO] PRAGMA main.table_info("locacao")
2025-06-06 14:09:57 [INFO] [raw sql] ()
2025-06-06 14:09:57 [INFO] PRAGMA main.table_info("pagamento")
2025-06-06 14:09:57 [INFO] [raw sql] ()
2025-06-06 14:09:57 [INFO] COMMIT
2025-06-06 14:11:58 [INFO] BEGIN (implicit)
2025-06-06 14:11:58 [INFO] SELECT cliente.id, cliente.nome, cliente.cpf, cliente.email, cliente.telefone, cliente.endereco 
FROM cliente 
WHERE lower(cliente.nome) LIKE lower(?)
 LIMIT ? OFFSET ?
2025-06-06 14:11:58 [INFO] [generated in 0.00055s] ('%Felipe%', 10, 0)
2025-06-06 14:11:58 [INFO] ROLLBACK
2025-06-06 14:12:06 [INFO] BEGIN (implicit)
2025-06-06 14:12:06 [INFO] SELECT cliente.id, cliente.nome, cliente.cpf, cliente.email, cliente.telefone, cliente.endereco 
FROM cliente 
WHERE lower(cliente.nome) LIKE lower(?)
 LIMIT ? OFFSET ?
2025-06-06 14:12:06 [INFO] [cached since 8.174s ago] ('%Breno%', 10, 0)
2025-06-06 14:12:06 [INFO] ROLLBACK
2025-06-06 14:13:44 [INFO] BEGIN (implicit)
2025-06-06 14:13:44 [INFO] PRAGMA main.table_info("filmecategorialink")
2025-06-06 14:13:44 [INFO] [raw sql] ()
2025-06-06 14:13:44 [INFO] PRAGMA main.table_info("categoria")
2025-06-06 14:13:44 [INFO] [raw sql] ()
2025-06-06 14:13:44 [INFO] PRAGMA main.table_info("filme")
2025-06-06 14:13:44 [INFO] [raw sql] ()
2025-06-06 14:13:44 [INFO] PRAGMA main.table_info("cliente")
2025-06-06 14:13:44 [INFO] [raw sql] ()
2025-06-06 14:13:44 [INFO] PRAGMA main.table_info("locacaofilmelink")
2025-06-06 14:13:44 [INFO] [raw sql] ()
2025-06-06 14:13:44 [INFO] PRAGMA main.table_info("locacao")
2025-06-06 14:13:44 [INFO] [raw sql] ()
2025-06-06 14:13:44 [INFO] PRAGMA main.table_info("pagamento")
2025-06-06 14:13:44 [INFO] [raw sql] ()
2025-06-06 14:13:44 [INFO] COMMIT
2025-06-06 14:13:46 [INFO] BEGIN (implicit)
2025-06-06 14:13:46 [INFO] PRAGMA main.table_info("filmecategorialink")
2025-06-06 14:13:46 [INFO] [raw sql] ()
2025-06-06 14:13:46 [INFO] PRAGMA main.table_info("categoria")
2025-06-06 14:13:46 [INFO] [raw sql] ()
2025-06-06 14:13:46 [INFO] PRAGMA main.table_info("filme")
2025-06-06 14:13:46 [INFO] [raw sql] ()
2025-06-06 14:13:46 [INFO] PRAGMA main.table_info("cliente")
2025-06-06 14:13:46 [INFO] [raw sql] ()
2025-06-06 14:13:46 [INFO] PRAGMA main.table_info("locacaofilmelink")
2025-06-06 14:13:46 [INFO] [raw sql] ()
2025-06-06 14:13:46 [INFO] PRAGMA main.table_info("locacao")
2025-06-06 14:13:46 [INFO] [raw sql] ()
2025-06-06 14:13:46 [INFO] PRAGMA main.table_info("pagamento")
2025-06-06 14:13:46 [INFO] [raw sql] ()
2025-06-06 14:13:46 [INFO] COMMIT
2025-06-06 14:13:50 [INFO] BEGIN (implicit)
2025-06-06 14:13:50 [INFO] PRAGMA main.table_info("filmecategorialink")
2025-06-06 14:13:50 [INFO] [raw sql] ()
2025-06-06 14:13:50 [INFO] PRAGMA main.table_info("categoria")
2025-06-06 14:13:50 [INFO] [raw sql] ()
2025-06-06 14:13:50 [INFO] PRAGMA main.table_info("filme")
2025-06-06 14:13:50 [INFO] [raw sql] ()
2025-06-06 14:13:50 [INFO] PRAGMA main.table_info("cliente")
2025-06-06 14:13:50 [INFO] [raw sql] ()
2025-06-06 14:13:50 [INFO] PRAGMA main.table_info("locacaofilmelink")
2025-06-06 14:13:50 [INFO] [raw sql] ()
2025-06-06 14:13:50 [INFO] PRAGMA main.table_info("locacao")
2025-06-06 14:13:50 [INFO] [raw sql] ()
2025-06-06 14:13:50 [INFO] PRAGMA main.table_info("pagamento")
2025-06-06 14:13:50 [INFO] [raw sql] ()
2025-06-06 14:13:50 [INFO] COMMIT
2025-06-06 14:13:52 [INFO] BEGIN (implicit)
2025-06-06 14:13:52 [INFO] PRAGMA main.table_info("filmecategorialink")
2025-06-06 14:13:52 [INFO] [raw sql] ()
2025-06-06 14:13:52 [INFO] PRAGMA main.table_info("categoria")
2025-06-06 14:13:52 [INFO] [raw sql] ()
2025-06-06 14:13:52 [INFO] PRAGMA main.table_info("filme")
2025-06-06 14:13:52 [INFO] [raw sql] ()
2025-06-06 14:13:52 [INFO] PRAGMA main.table_info("cliente")
2025-06-06 14:13:52 [INFO] [raw sql] ()
2025-06-06 14:13:52 [INFO] PRAGMA main.table_info("locacaofilmelink")
2025-06-06 14:13:52 [INFO] [raw sql] ()
2025-06-06 14:13:52 [INFO] PRAGMA main.table_info("locacao")
2025-06-06 14:13:52 [INFO] [raw sql] ()
2025-06-06 14:13:52 [INFO] PRAGMA main.table_info("pagamento")
2025-06-06 14:13:52 [INFO] [raw sql] ()
2025-06-06 14:13:52 [INFO] COMMIT
2025-06-06 14:14:08 [INFO] BEGIN (implicit)
2025-06-06 14:14:08 [INFO] SELECT pagamento.id, pagamento.locacao_id, pagamento.data_pagamento, pagamento.valor_pago, pagamento.forma_pagamento, pagamento.status 
FROM pagamento
 LIMIT ? OFFSET ?
2025-06-06 14:14:08 [INFO] [generated in 0.00068s] (10, 0)
2025-06-06 14:14:08 [INFO] ROLLBACK
2025-06-06 14:14:18 [INFO] BEGIN (implicit)
2025-06-06 14:14:18 [INFO] SELECT pagamento.id, pagamento.locacao_id, pagamento.data_pagamento, pagamento.valor_pago, pagamento.forma_pagamento, pagamento.status 
FROM pagamento 
WHERE pagamento.status = ?
2025-06-06 14:14:18 [INFO] [generated in 0.00061s] ('confirmado',)
2025-06-06 14:14:18 [INFO] ROLLBACK
2025-06-06 14:15:05 [INFO] BEGIN (implicit)
2025-06-06 14:15:05 [INFO] SELECT pagamento.id, pagamento.locacao_id, pagamento.data_pagamento, pagamento.valor_pago, pagamento.forma_pagamento, pagamento.status 
FROM pagamento 
WHERE pagamento.status = ? AND pagamento.data_pagamento >= ? AND pagamento.data_pagamento <= ?
2025-06-06 14:15:05 [INFO] [generated in 0.00317s] ('confirmado', '2022-01-01', '2022-01-02')
2025-06-06 14:15:05 [INFO] ROLLBACK
2025-06-06 14:15:33 [INFO] BEGIN (implicit)
2025-06-06 14:15:33 [INFO] SELECT pagamento.id, pagamento.locacao_id, pagamento.data_pagamento, pagamento.valor_pago, pagamento.forma_pagamento, pagamento.status 
FROM pagamento 
WHERE pagamento.data_pagamento >= ? AND pagamento.data_pagamento <= ?
2025-06-06 14:15:33 [INFO] [generated in 0.00085s] ('2022-01-01', '2025-01-01')
2025-06-06 14:15:33 [INFO] ROLLBACK
2025-06-10 15:14:19 [INFO] BEGIN (implicit)
2025-06-10 15:14:19 [INFO] PRAGMA main.table_info("filmecategorialink")
2025-06-10 15:14:19 [INFO] [raw sql] ()
2025-06-10 15:14:19 [INFO] PRAGMA main.table_info("categoria")
2025-06-10 15:14:19 [INFO] [raw sql] ()
2025-06-10 15:14:19 [INFO] PRAGMA main.table_info("filme")
2025-06-10 15:14:19 [INFO] [raw sql] ()
2025-06-10 15:14:19 [INFO] PRAGMA main.table_info("cliente")
2025-06-10 15:14:19 [INFO] [raw sql] ()
2025-06-10 15:14:19 [INFO] PRAGMA main.table_info("locacaofilmelink")
2025-06-10 15:14:19 [INFO] [raw sql] ()
2025-06-10 15:14:19 [INFO] PRAGMA main.table_info("locacao")
2025-06-10 15:14:19 [INFO] [raw sql] ()
2025-06-10 15:14:19 [INFO] PRAGMA main.table_info("pagamento")
2025-06-10 15:14:19 [INFO] [raw sql] ()
2025-06-10 15:14:19 [INFO] COMMIT
2025-06-10 15:16:00 [INFO] BEGIN (implicit)
2025-06-10 15:16:00 [INFO] SELECT pagamento.id, pagamento.locacao_id, pagamento.data_pagamento, pagamento.valor_pago, pagamento.forma_pagamento, pagamento.status 
FROM pagamento
 LIMIT ? OFFSET ?
2025-06-10 15:16:00 [INFO] [generated in 0.00357s] (10, 0)
2025-06-10 15:16:00 [INFO] ROLLBACK
2025-06-10 15:17:08 [INFO] BEGIN (implicit)
2025-06-10 15:17:08 [INFO] SELECT pagamento.id, pagamento.locacao_id, pagamento.data_pagamento, pagamento.valor_pago, pagamento.forma_pagamento, pagamento.status 
FROM pagamento 
WHERE pagamento.status = ? AND pagamento.data_pagamento >= ? AND pagamento.data_pagamento <= ?
2025-06-10 15:17:08 [INFO] [generated in 0.00987s] ('confirmado', '2022-01-01', '2024-01-01')
2025-06-10 15:17:08 [INFO] ROLLBACK
2025-06-10 15:17:21 [INFO] BEGIN (implicit)
2025-06-10 15:17:21 [INFO] SELECT locacao.id, locacao.cliente_id, locacao.data_retirada, locacao.data_devolucao, locacao.valor, locacao.status 
FROM locacao
 LIMIT ? OFFSET ?
2025-06-10 15:17:21 [INFO] [generated in 0.00073s] (10, 0)
2025-06-10 15:17:21 [INFO] ROLLBACK
2025-06-10 15:17:32 [INFO] BEGIN (implicit)
2025-06-10 15:17:32 [INFO] SELECT filme.id, filme.titulo, filme.ano, filme.duracao, filme.classificacao, filme.sinopse 
FROM filme
 LIMIT ? OFFSET ?
2025-06-10 15:17:32 [INFO] [generated in 0.00109s] (10, 0)
2025-06-10 15:17:32 [INFO] SELECT categoria.id AS categoria_id, categoria.nome AS categoria_nome, categoria.descricao AS categoria_descricao 
FROM categoria, filmecategorialink 
WHERE ? = filmecategorialink.filme_id AND categoria.id = filmecategorialink.categoria_id
2025-06-10 15:17:32 [INFO] [generated in 0.00123s] (1,)
2025-06-10 15:17:32 [INFO] ROLLBACK
2025-06-10 15:18:06 [INFO] BEGIN (implicit)
2025-06-10 15:18:06 [INFO] SELECT categoria.id, categoria.nome, categoria.descricao 
FROM categoria
 LIMIT ? OFFSET ?
2025-06-10 15:18:06 [INFO] [generated in 0.00237s] (10, 0)
2025-06-10 15:18:06 [INFO] ROLLBACK
2025-06-10 15:18:40 [INFO] BEGIN (implicit)
2025-06-10 15:18:40 [INFO] SELECT pagamento.id, pagamento.locacao_id, pagamento.data_pagamento, pagamento.valor_pago, pagamento.forma_pagamento, pagamento.status 
FROM pagamento
2025-06-10 15:18:40 [INFO] [generated in 0.00085s] ()
2025-06-10 15:18:40 [INFO] ROLLBACK
2025-06-10 15:19:01 [INFO] BEGIN (implicit)
2025-06-10 15:19:01 [INFO] SELECT cliente.id, cliente.nome, cliente.cpf, cliente.email, cliente.telefone, cliente.endereco 
FROM cliente
2025-06-10 15:19:01 [INFO] [generated in 0.00138s] ()
2025-06-10 15:19:01 [INFO] ROLLBACK
2025-06-10 15:19:07 [INFO] BEGIN (implicit)
2025-06-10 15:19:07 [INFO] SELECT cliente.id, cliente.nome, cliente.cpf, cliente.email, cliente.telefone, cliente.endereco 
FROM cliente
 LIMIT ? OFFSET ?
2025-06-10 15:19:07 [INFO] [generated in 0.00076s] (10, 0)
2025-06-10 15:19:07 [INFO] ROLLBACK
